#
# A fatal error has been detected by the Java Runtime Environment:
#
#  EXCEPTION_ACCESS_VIOLATION (0xc0000005) at pc=0x00007ffb701b0556, pid=17980, tid=33992
#
# JRE version: Java(TM) SE Runtime Environment (21.0.11+9) (build 21.0.11+9-LTS-211)
# Java VM: Java HotSpot(TM) 64-Bit Server VM (21.0.11+9-LTS-211, mixed mode, emulated-client, sharing, tiered, compressed oops, compressed class ptrs, g1 gc, windows-amd64)
# Problematic frame:
# V  [jvm.dll+0x140556]
#
# No core dump will be written. Minidumps are not enabled by default on client versions of Windows
#
# If you would like to submit a bug report, please visit:
#   https://bugreport.java.com/bugreport/crash.jsp
#

---------------  S U M M A R Y ------------

Command Line: -XX:+ShowCodeDetailsInExceptionMessages -agentlib:jdwp=transport=dt_socket,suspend=y,address=localhost:62267 -Dcom.sun.management.jmxremote -Dcom.sun.management.jmxremote.port=63782 -Dcom.sun.management.jmxremote.authenticate=false -Dcom.sun.management.jmxremote.ssl=false -Djava.rmi.server.hostname=localhost -Dspring.jmx.enabled=true -Dmanagement.endpoints.jmx.exposure.include=* -Dspring.application.admin.enabled=true -Dspring.output.ansi.enabled=always -XX:TieredStopAtLevel=1 -Dspring.boot.project.name=report-service -javaagent:C:\sts\sts-5.1.1.RELEASE\configuration\org.eclipse.osgi\280\0\.cp\lib\javaagent-shaded.jar -Dfile.encoding=UTF-8 -Dstdout.encoding=UTF-8 -Dstderr.encoding=UTF-8 com.anticorruption.report_service.ReportServiceApplication

Host: AMD Ryzen 5 7430U with Radeon Graphics         , 12 cores, 15G,  Windows 11 , 64 bit Build 26100 (10.0.26100.9168)
Time: Tue Sep  8 11:26:06 2026 India Standard Time elapsed time: 86696.448106 seconds (1d 0h 4m 56s)

---------------  T H R E A D  ---------------

Current thread (0x000001e87f949750):  WorkerThread "GC Thread#5"    [id=33992, stack(0x0000001a84d00000,0x0000001a84e00000) (1024K)]

Stack: [0x0000001a84d00000,0x0000001a84e00000],  sp=0x0000001a84dfdcd8,  free space=1015k
Native frames: (J=compiled Java code, j=interpreted, Vv=VM code, C=native code)
V  [jvm.dll+0x140556]

JavaThread 0x000001e807863130 (nid = 31996) was being processed
Java frames: (J=compiled Java code, j=interpreted, Vv=VM code)
j  java.lang.invoke.DirectMethodHandle$Holder.newInvokeSpecial(Ljava/lang/Object;Ljava/lang/Object;Ljava/lang/Object;)Ljava/lang/Object;+19 java.base@21.0.11
j  java.lang.invoke.LambdaForm$MH+0x000001e83fea6000.invoke(Ljava/lang/Object;Ljava/lang/Object;Ljava/lang/Object;)Ljava/lang/Object;+52 java.base@21.0.11
J 962 c1 jdk.internal.reflect.DirectConstructorHandleAccessor.newInstance([Ljava/lang/Object;)Ljava/lang/Object; java.base@21.0.11 (130 bytes) @ 0x000001e8329d1b64 [0x000001e8329d18e0+0x0000000000000284]
J 961 c1 java.lang.reflect.Constructor.newInstanceWithCaller([Ljava/lang/Object;ZLjava/lang/Class;)Ljava/lang/Object; java.base@21.0.11 (51 bytes) @ 0x000001e8329cbdbc [0x000001e8329cbce0+0x00000000000000dc]
J 3793 c1 org.springframework.beans.BeanUtils.instantiateClass(Ljava/lang/reflect/Constructor;[Ljava/lang/Object;)Ljava/lang/Object; (208 bytes) @ 0x000001e832f4e20c [0x000001e832f4dd00+0x000000000000050c]
J 11745 c1 org.springframework.beans.factory.support.ConstructorResolver.instantiate(Ljava/lang/String;Lorg/springframework/beans/factory/support/RootBeanDefinition;Ljava/lang/reflect/Constructor;[Ljava/lang/Object;)Ljava/lang/Object; (48 bytes) @ 0x000001e83396634c [0x000001e833966220+0x000000000000012c]
J 11743 c1 org.springframework.beans.factory.support.ConstructorResolver.autowireConstructor(Ljava/lang/String;Lorg/springframework/beans/factory/support/RootBeanDefinition;[Ljava/lang/reflect/Constructor;[Ljava/lang/Object;)Lorg/springframework/beans/BeanWrapper; (921 bytes) @ 0x000001e8339690dc [0x000001e8339674e0+0x0000000000001bfc]
J 6819 c1 org.springframework.beans.factory.support.AbstractAutowireCapableBeanFactory.createBeanInstance(Ljava/lang/String;Lorg/springframework/beans/factory/support/RootBeanDefinition;[Ljava/lang/Object;)Lorg/springframework/beans/BeanWrapper; (245 bytes) @ 0x000001e833431414 [0x000001e833430cc0+0x0000000000000754]
J 6818 c1 org.springframework.beans.factory.support.AbstractAutowireCapableBeanFactory.doCreateBean(Ljava/lang/String;Lorg/springframework/beans/factory/support/RootBeanDefinition;[Ljava/lang/Object;)Ljava/lang/Object; (465 bytes) @ 0x000001e833432aac [0x000001e833432900+0x00000000000001ac]
J 6817 c1 org.springframework.beans.factory.support.AbstractAutowireCapableBeanFactory.createBean(Ljava/lang/String;Lorg/springframework/beans/factory/support/RootBeanDefinition;[Ljava/lang/Object;)Ljava/lang/Object; (214 bytes) @ 0x000001e83342f7bc [0x000001e83342f2c0+0x00000000000004fc]
J 6838 c1 org.springframework.beans.factory.support.AbstractBeanFactory$$Lambda+0x000001e83f2ab710.getObject()Ljava/lang/Object; (20 bytes) @ 0x000001e83343d43c [0x000001e83343d3a0+0x000000000000009c]
J 6837 c1 org.springframework.beans.factory.support.DefaultSingletonBeanRegistry.getSingleton(Ljava/lang/String;Lorg/springframework/beans/factory/ObjectFactory;)Ljava/lang/Object; (1299 bytes) @ 0x000001e8334405bc [0x000001e83343f300+0x00000000000012bc]
J 3634 c1 org.springframework.beans.factory.support.AbstractBeanFactory.doGetBean(Ljava/lang/String;Ljava/lang/Class;[Ljava/lang/Object;Z)Ljava/lang/Object; (791 bytes) @ 0x000001e832f052b4 [0x000001e832f04bc0+0x00000000000006f4]
J 7096 c1 org.springframework.beans.factory.support.DefaultListableBeanFactory.instantiateSingleton(Ljava/lang/String;)V (56 bytes) @ 0x000001e8334ca51c [0x000001e8334ca100+0x000000000000041c]
J 7095 c1 org.springframework.beans.factory.support.DefaultListableBeanFactory.preInstantiateSingleton(Ljava/lang/String;Lorg/springframework/beans/factory/support/RootBeanDefinition;)Ljava/util/concurrent/CompletableFuture; (183 bytes) @ 0x000001e8334c962c [0x000001e8334c9320+0x000000000000030c]
j  org.springframework.beans.factory.support.DefaultListableBeanFactory.preInstantiateSingletons()V+130
j  org.springframework.context.support.AbstractApplicationContext.finishBeanFactoryInitialization(Lorg/springframework/beans/factory/config/ConfigurableListableBeanFactory;)V+290
j  org.springframework.context.support.AbstractApplicationContext.refresh()V+94
j  org.springframework.boot.web.server.servlet.context.ServletWebServerApplicationContext.refresh()V+1
j  org.springframework.boot.SpringApplication.refresh(Lorg/springframework/context/ConfigurableApplicationContext;)V+1
j  org.springframework.boot.SpringApplication.refreshContext(Lorg/springframework/context/ConfigurableApplicationContext;)V+19
j  org.springframework.boot.SpringApplication.run([Ljava/lang/String;)Lorg/springframework/context/ConfigurableApplicationContext;+113
j  org.springframework.boot.SpringApplication.run([Ljava/lang/Class;[Ljava/lang/String;)Lorg/springframework/context/ConfigurableApplicationContext;+9
j  org.springframework.boot.SpringApplication.run(Ljava/lang/Class;[Ljava/lang/String;)Lorg/springframework/context/ConfigurableApplicationContext;+9
j  com.anticorruption.report_service.ReportServiceApplication.main([Ljava/lang/String;)V+3
j  java.lang.invoke.LambdaForm$DMH+0x000001e83f004c00.invokeStatic(Ljava/lang/Object;Ljava/lang/Object;)V+10 java.base@21.0.11
j  java.lang.invoke.LambdaForm$MH+0x000001e83fe9cc00.invoke(Ljava/lang/Object;Ljava/lang/Object;Ljava/lang/Object;)Ljava/lang/Object;+33 java.base@21.0.11
J 4720 c1 jdk.internal.reflect.DirectMethodHandleAccessor.invoke(Ljava/lang/Object;[Ljava/lang/Object;)Ljava/lang/Object; java.base@21.0.11 (92 bytes) @ 0x000001e8330d5bfc [0x000001e8330d5840+0x00000000000003bc]
J 4920 c1 java.lang.reflect.Method.invoke(Ljava/lang/Object;[Ljava/lang/Object;)Ljava/lang/Object; java.base@21.0.11 (108 bytes) @ 0x000001e833134274 [0x000001e833134080+0x00000000000001f4]
j  org.springframework.boot.devtools.restart.RestartLauncher.run()V+47
v  ~StubRoutines::call_stub 0x000001e83261100d

siginfo: EXCEPTION_ACCESS_VIOLATION (0xc0000005), reading address 0x000001e87c72e9ab


Registers:
RAX=0x0000000000000000, RBX=0x0000000000000000, RCX=0x0000001a832fd5c8, RDX=0x0000001a832fd5c8
RSP=0x0000001a84dfdcd8, RBP=0x0000001a84dfdea0, RSI=0x0000001a84dfe050, RDI=0x0000001a832fd5c8
R8 =0x000001e87c72e9a3, R9 =0x0000001a832fd5c8, R10=0x000001e832610000, R11=0x0000001a84dfdf18
R12=0x000001e83e543698, R13=0x000001e87c72e9a3, R14=0x0000001a832fd5c8, R15=0x000001e80c2231e0
RIP=0x00007ffb701b0556, EFLAGS=0x0000000000010206


Register to memory mapping:

RAX=0x0 is null
RBX=0x0 is null
RCX=0x0000001a832fd5c8 is pointing into the stack for thread: 0x000001e807863130
RDX=0x0000001a832fd5c8 is pointing into the stack for thread: 0x000001e807863130
RSP=0x0000001a84dfdcd8 points into unknown readable memory: 0x00007ffb703ce02b | 2b e0 3c 70 fb 7f 00 00
RBP=0x0000001a84dfdea0 points into unknown readable memory: 0x000001e800000000 | 00 00 00 00 e8 01 00 00
RSI=0x0000001a84dfe050 points into unknown readable memory: 0x0000001a832fd5b0 | b0 d5 2f 83 1a 00 00 00
RDI=0x0000001a832fd5c8 is pointing into the stack for thread: 0x000001e807863130
R8 =0x000001e87c72e9a3 is an unknown value
R9 =0x0000001a832fd5c8 is pointing into the stack for thread: 0x000001e807863130
R10=0x000001e832610000 points into unknown readable memory: 0x0000000000000006 | 06 00 00 00 00 00 00 00
R11=0x0000001a84dfdf18 points into unknown readable memory: 0x00007ffb70389ea5 | a5 9e 38 70 fb 7f 00 00
R12=0x000001e83e543698 is pointing into metadata
R13=0x000001e87c72e9a3 is an unknown value
R14=0x0000001a832fd5c8 is pointing into the stack for thread: 0x000001e807863130
R15=0x000001e80c2231e0 points into unknown readable memory: 0x00007ffb70a54a78 | 78 4a a5 70 fb 7f 00 00

Top of Stack: (sp=0x0000001a84dfdcd8)
0x0000001a84dfdcd8:   00007ffb703ce02b 00000000000001d0
0x0000001a84dfdce8:   00007ffb7072fbbd 000001e87f91ec28
0x0000001a84dfdcf8:   00007ffb703dc80e 000001e87f910000
0x0000001a84dfdd08:   00007ffb707bb761 0000000000000000
0x0000001a84dfdd18:   0000000000000020 0000000000000000
0x0000001a84dfdd28:   0000000000000000 000001e87f7bcc50
0x0000001a84dfdd38:   000001e83ddf38e0 000001e83e543698
0x0000001a84dfdd48:   0000001a832fd5c8 0000001a84dfe050
0x0000001a84dfdd58:   0000001a84dfdea0 000001e87f91ec28
0x0000001a84dfdd68:   00007ffb703dc7b4 0000001a84dfde30
0x0000001a84dfdd78:   0000001a84dfe050 000001e83e480090
0x0000001a84dfdd88:   0000000000000000 000001e87f91ec28
0x0000001a84dfdd98:   00007ffb7038a3ee 0000000000000003
0x0000001a84dfdda8:   000001e83e0b61a8 000001e87f91ec28
0x0000001a84dfddb8:   0000000000000000 0000001332db3401
0x0000001a84dfddc8:   000001e83e0b61a8 000001e87f949750
0x0000001a84dfddd8:   000001e800000005 00000000000003d8
0x0000001a84dfdde8:   000001e83ddf38f0 000001e83ddf3cc8
0x0000001a84dfddf8:   000001e83e72e9a3 000001e8000000b8
0x0000001a84dfde08:   000001e83e0b61a8 00007ffb70a4be90
0x0000001a84dfde18:   0000001a84dfe050 000001e87f91ec28
0x0000001a84dfde28:   0000000300000001 000001e83e543698
0x0000001a84dfde38:   0000001300000001 0000000000000056
0x0000001a84dfde48:   000000010000000c 000001e83e480090
0x0000001a84dfde58:   0000000000000000 000001e807e39dd4
0x0000001a84dfde68:   0000d6c100000002 0000000300000001
0x0000001a84dfde78:   0000ffff09c8df00 00007ffb70883940
0x0000001a84dfde88:   000001e87f91ecd0 000001e83e130ba0
0x0000001a84dfde98:   000000027f920014 000001e800000000
0x0000001a84dfdea8:   0000000000000001 000001e87f91ec28
0x0000001a84dfdeb8:   00007ffb703dc80e 0000000000000000
0x0000001a84dfdec8:   0000001a00000001 0000d6c10c3bfb5f 

Instructions: (pc=0x00007ffb701b0556)
0x00007ffb701b0456:   4c 63 c0 41 8b c1 48 c1 f8 10 48 63 14 19 41 8b
0x00007ffb701b0466:   c9 48 d3 e2 0f b6 c8 49 8d 04 10 49 f7 d0 48 03
0x00007ffb701b0476:   c8 49 c1 e8 03 48 c1 e9 03 49 23 c8 eb 12 49 8b
0x00007ffb701b0486:   00 48 8b d3 49 8b c8 ff 90 00 01 00 00 48 8b c8
0x00007ffb701b0496:   48 89 1f 48 8b c7 48 8b 5c 24 30 48 89 4f 08 48
0x00007ffb701b04a6:   83 c4 20 5f c3 cc cc cc cc cc 0f b6 05 76 b4 a8
0x00007ffb701b04b6:   00 48 8b d1 84 c0 74 16 44 8b 41 08 8b 0d d0 9a
0x00007ffb701b04c6:   a8 00 49 d3 e0 4c 03 05 be 9a a8 00 eb 04 4c 8b
0x00007ffb701b04d6:   41 08 45 8b 48 08 45 85 c9 7e 0e 41 f6 c1 01 75
0x00007ffb701b04e6:   50 41 c1 f9 03 49 63 c1 c3 79 46 84 c0 41 b8 0c
0x00007ffb701b04f6:   00 00 00 8b 05 f9 ab a8 00 b9 10 00 00 00 41 0f
0x00007ffb701b0506:   45 c8 ff c8 4c 63 c0 41 8b c1 48 c1 f8 10 0f b6
0x00007ffb701b0516:   c0 48 63 14 11 41 8b c9 48 d3 e2 49 8d 0c 10 49
0x00007ffb701b0526:   f7 d0 48 03 c1 49 c1 e8 03 48 c1 e8 03 49 23 c0
0x00007ffb701b0536:   c3 49 8b 00 49 8b c8 48 ff a0 00 01 00 00 cc cc
0x00007ffb701b0546:   cc cc cc cc cc cc cc cc cc cc 4c 8b c2 48 8b d1
0x00007ffb701b0556:   45 8b 48 08 45 85 c9 7e 0e 41 f6 c1 01 75 53 41
0x00007ffb701b0566:   c1 f9 03 49 63 c1 c3 79 49 80 3d b7 b3 a8 00 00
0x00007ffb701b0576:   b8 0c 00 00 00 b9 10 00 00 00 0f 45 c8 8b 05 6f
0x00007ffb701b0586:   ab a8 00 ff c8 4c 63 c0 41 8b c1 48 c1 f8 10 48
0x00007ffb701b0596:   63 14 11 41 8b c9 0f b6 c0 48 d3 e2 49 8d 0c 10
0x00007ffb701b05a6:   49 f7 d0 48 03 c1 49 c1 e8 03 48 c1 e8 03 49 23
0x00007ffb701b05b6:   c0 c3 49 8b 00 49 8b c8 48 ff a0 00 01 00 00 cc
0x00007ffb701b05c6:   cc cc cc cc cc cc cc cc cc cc 48 83 ec 28 ba 37
0x00007ffb701b05d6:   00 00 00 48 8d 0d 70 28 86 00 e8 cb 24 14 00 cc
0x00007ffb701b05e6:   cc cc cc cc cc cc cc cc cc cc 40 53 48 83 ec 20
0x00007ffb701b05f6:   48 8b d9 49 8b c0 33 c9 45 0f b6 c1 48 89 0b 48
0x00007ffb701b0606:   89 4b 08 48 8b cb 48 89 53 10 48 8b d0 e8 78 0a
0x00007ffb701b0616:   00 00 48 8b c3 48 83 c4 20 5b c3 cc cc cc cc cc
0x00007ffb701b0626:   cc cc cc cc cc cc cc cc cc cc 40 53 48 83 ec 20
0x00007ffb701b0636:   33 c0 44 88 41 10 45 0f b6 c1 48 89 01 48 89 41
0x00007ffb701b0646:   08 48 8b d9 e8 41 0b 00 00 48 8b c3 48 83 c4 20 


Stack slot to memory mapping:

stack at sp + 0 slots: 0x00007ffb703ce02b jvm.dll
stack at sp + 1 slots: 0x00000000000001d0 is an unknown value
stack at sp + 2 slots: 0x00007ffb7072fbbd jvm.dll
stack at sp + 3 slots: 0x000001e87f91ec28 points into unknown readable memory: 0x00007ffb70a56770 | 70 67 a5 70 fb 7f 00 00
stack at sp + 4 slots: 0x00007ffb703dc80e jvm.dll
stack at sp + 5 slots: 0x000001e87f910000 points into unknown readable memory: 0x0000000000000000 | 00 00 00 00 00 00 00 00
stack at sp + 6 slots: 0x00007ffb707bb761 jvm.dll
stack at sp + 7 slots: 0x0 is null


---------------  P R O C E S S  ---------------

Threads class SMR info:
_java_thread_list=0x000001e807cd08f0, length=35, elements={
0x000001e83dac6e00, 0x000001e83dac7860, 0x000001e83dacbbb0, 0x000001e83dace980,
0x000001e83dacf6c0, 0x000001e83dad02d0, 0x000001e83dae57e0, 0x000001e83ddcd130,
0x000001e83dde2130, 0x000001e83dde2bc0, 0x000001e83ddea2a0, 0x000001e87f77e480,
0x000001e87f976cd0, 0x000001e87f99fca0, 0x000001e87f9bc180, 0x000001e87f9ea790,
0x000001e8044151a0, 0x000001e804415ec0, 0x000001e807ab4ab0, 0x000001e807ab5140,
0x000001e807ab6b80, 0x000001e807863130, 0x000001e807863e50, 0x000001e8078644e0,
0x000001e807861060, 0x000001e807862aa0, 0x000001e807862410, 0x000001e8078672d0,
0x000001e807864b70, 0x000001e807866c40, 0x000001e807ab3d90, 0x000001e807ab5e60,
0x000001e807ab3700, 0x000001e807ab64f0, 0x000001e807ab3070
}

Java Threads: ( => current thread )
  0x000001e83dac6e00 JavaThread "Reference Handler"          daemon [_thread_blocked, id=28004, stack(0x0000001a83b00000,0x0000001a83c00000) (1024K)]
  0x000001e83dac7860 JavaThread "Finalizer"                  daemon [_thread_blocked, id=26184, stack(0x0000001a83c00000,0x0000001a83d00000) (1024K)]
  0x000001e83dacbbb0 JavaThread "Signal Dispatcher"          daemon [_thread_blocked, id=39412, stack(0x0000001a83d00000,0x0000001a83e00000) (1024K)]
  0x000001e83dace980 JavaThread "Attach Listener"            daemon [_thread_blocked, id=37416, stack(0x0000001a83e00000,0x0000001a83f00000) (1024K)]
  0x000001e83dacf6c0 JavaThread "Service Thread"             daemon [_thread_blocked, id=33204, stack(0x0000001a83f00000,0x0000001a84000000) (1024K)]
  0x000001e83dad02d0 JavaThread "Monitor Deflation Thread"   daemon [_thread_blocked, id=32360, stack(0x0000001a84000000,0x0000001a84100000) (1024K)]
  0x000001e83dae57e0 JavaThread "C1 CompilerThread0"         daemon [_thread_blocked, id=38892, stack(0x0000001a84100000,0x0000001a84200000) (1024K)]
  0x000001e83ddcd130 JavaThread "JDWP Transport Listener: dt_socket" daemon [_thread_blocked, id=25664, stack(0x0000001a84400000,0x0000001a84500000) (1024K)]
  0x000001e83dde2130 JavaThread "JDWP Event Helper Thread"   daemon [_thread_blocked, id=39812, stack(0x0000001a84500000,0x0000001a84600000) (1024K)]
  0x000001e83dde2bc0 JavaThread "JDWP Command Reader"        daemon [_thread_in_native, id=40788, stack(0x0000001a84600000,0x0000001a84700000) (1024K)]
  0x000001e83ddea2a0 JavaThread "Common-Cleaner"             daemon [_thread_blocked, id=34760, stack(0x0000001a84700000,0x0000001a84800000) (1024K)]
  0x000001e87f77e480 JavaThread "Notification Thread"        daemon [_thread_blocked, id=30612, stack(0x0000001a84800000,0x0000001a84900000) (1024K)]
  0x000001e87f976cd0 JavaThread "RMI TCP Accept-0"           daemon [_thread_in_native, id=36372, stack(0x0000001a85000000,0x0000001a85100000) (1024K)]
  0x000001e87f99fca0 JavaThread "RMI TCP Accept-63782"       daemon [_thread_in_native, id=37324, stack(0x0000001a85100000,0x0000001a85200000) (1024K)]
  0x000001e87f9bc180 JavaThread "RMI TCP Accept-0"           daemon [_thread_in_native, id=39616, stack(0x0000001a85200000,0x0000001a85300000) (1024K)]
  0x000001e87f9ea790 JavaThread "RMI Scheduler(0)"           daemon [_thread_blocked, id=22540, stack(0x0000001a85400000,0x0000001a85500000) (1024K)]
  0x000001e8044151a0 JavaThread "Cleaner-0"                  daemon [_thread_blocked, id=19852, stack(0x0000001a86200000,0x0000001a86300000) (1024K)]
  0x000001e804415ec0 JavaThread "Jndi-Dns-address-change-listener" daemon [_thread_in_native, id=18744, stack(0x0000001a86500000,0x0000001a86600000) (1024K)]
  0x000001e807ab4ab0 JavaThread "DestroyJavaVM"                     [_thread_blocked, id=11204, stack(0x0000001a83300000,0x0000001a83400000) (1024K)]
  0x000001e807ab5140 JavaThread "RMI TCP Connection(66)-127.0.0.1" daemon [_thread_blocked, id=11116, stack(0x0000001a83000000,0x0000001a83100000) (1024K)]
  0x000001e807ab6b80 JavaThread "Thread-79"                         [_thread_blocked, id=37208, stack(0x0000001a83100000,0x0000001a83200000) (1024K)]
  0x000001e807863130 JavaThread "restartedMain"                     [_thread_blocked, id=31996, stack(0x0000001a83200000,0x0000001a83300000) (1024K)]
  0x000001e807863e50 JavaThread "Catalina-utility-1"                [_thread_blocked, id=14584, stack(0x0000001a84300000,0x0000001a84400000) (1024K)]
  0x000001e8078644e0 JavaThread "Catalina-utility-2"                [_thread_blocked, id=30812, stack(0x0000001a85300000,0x0000001a85400000) (1024K)]
  0x000001e807861060 JavaThread "container-0"                       [_thread_blocked, id=7336, stack(0x0000001a85500000,0x0000001a85600000) (1024K)]
  0x000001e807862aa0 JavaThread "HikariPool-15:housekeeper"  daemon [_thread_blocked, id=11608, stack(0x0000001a85b00000,0x0000001a85c00000) (1024K)]
  0x000001e807862410 JavaThread "lettuce-timer-31-1"         daemon [_thread_blocked, id=18340, stack(0x0000001a86000000,0x0000001a86100000) (1024K)]
  0x000001e8078672d0 JavaThread "RMI TCP Connection(62)-127.0.0.1" daemon [_thread_blocked, id=40900, stack(0x0000001a85e00000,0x0000001a85f00000) (1024K)]
  0x000001e807864b70 JavaThread "RMI TCP Connection(209)-127.0.0.1" daemon [_thread_in_native, id=37460, stack(0x0000001a86300000,0x0000001a86400000) (1024K)]
  0x000001e807866c40 JavaThread "RMI TCP Connection(208)-127.0.0.1" daemon [_thread_in_native, id=37976, stack(0x0000001a85a00000,0x0000001a85b00000) (1024K)]
  0x000001e807ab3d90 JavaThread "JMX server connection timeout 760" daemon [_thread_blocked, id=40356, stack(0x0000001a85900000,0x0000001a85a00000) (1024K)]
  0x000001e807ab5e60 JavaThread "JMX server connection timeout 761" daemon [_thread_blocked, id=18816, stack(0x0000001a85f00000,0x0000001a86000000) (1024K)]
  0x000001e807ab3700 JavaThread "RMI TCP Connection(190)-127.0.0.1" daemon [_thread_blocked, id=28816, stack(0x0000001a86100000,0x0000001a86200000) (1024K)]
  0x000001e807ab64f0 JavaThread "JMX server connection timeout 763" daemon [_thread_blocked, id=27240, stack(0x0000001a86400000,0x0000001a86500000) (1024K)]
  0x000001e807ab3070 JavaThread "JMX server connection timeout 764" daemon [_thread_blocked, id=39672, stack(0x0000001a86700000,0x0000001a86800000) (1024K)]
Total: 35

Other Threads:
  0x000001e83daab040 VMThread "VM Thread"                           [id=39652, stack(0x0000001a83a00000,0x0000001a83b00000) (1024K)]
  0x000001e83da92f70 WatcherThread "VM Periodic Task Thread"        [id=38108, stack(0x0000001a83900000,0x0000001a83a00000) (1024K)]
  0x000001e8289f5f70 WorkerThread "GC Thread#0"                     [id=39272, stack(0x0000001a83400000,0x0000001a83500000) (1024K)]
  0x000001e87f934320 WorkerThread "GC Thread#1"                     [id=8380, stack(0x0000001a84900000,0x0000001a84a00000) (1024K)]
  0x000001e87f9346d0 WorkerThread "GC Thread#2"                     [id=40756, stack(0x0000001a84a00000,0x0000001a84b00000) (1024K)]
  0x000001e87f934a80 WorkerThread "GC Thread#3"                     [id=10496, stack(0x0000001a84b00000,0x0000001a84c00000) (1024K)]
  0x000001e87f934e30 WorkerThread "GC Thread#4"                     [id=20720, stack(0x0000001a84c00000,0x0000001a84d00000) (1024K)]
=>0x000001e87f949750 WorkerThread "GC Thread#5"                     [id=33992, stack(0x0000001a84d00000,0x0000001a84e00000) (1024K)]
  0x000001e87f949b00 WorkerThread "GC Thread#6"                     [id=37692, stack(0x0000001a84e00000,0x0000001a84f00000) (1024K)]
  0x000001e87f949eb0 WorkerThread "GC Thread#7"                     [id=3784, stack(0x0000001a84f00000,0x0000001a85000000) (1024K)]
  0x000001e804157800 WorkerThread "GC Thread#8"                     [id=34216, stack(0x0000001a85700000,0x0000001a85800000) (1024K)]
  0x000001e804157bb0 WorkerThread "GC Thread#9"                     [id=39956, stack(0x0000001a85800000,0x0000001a85900000) (1024K)]
  0x000001e828a079e0 ConcurrentGCThread "G1 Main Marker"            [id=18248, stack(0x0000001a83500000,0x0000001a83600000) (1024K)]
  0x000001e828a0a310 WorkerThread "G1 Conc#0"                       [id=39756, stack(0x0000001a83600000,0x0000001a83700000) (1024K)]
  0x000001e804a8e9d0 WorkerThread "G1 Conc#1"                       [id=1440, stack(0x0000001a85c00000,0x0000001a85d00000) (1024K)]
  0x000001e804a8ed80 WorkerThread "G1 Conc#2"                       [id=27596, stack(0x0000001a85d00000,0x0000001a85e00000) (1024K)]
  0x000001e83d960dc0 ConcurrentGCThread "G1 Refine#0"               [id=25452, stack(0x0000001a83700000,0x0000001a83800000) (1024K)]
  0x000001e83d961750 ConcurrentGCThread "G1 Service"                [id=38812, stack(0x0000001a83800000,0x0000001a83900000) (1024K)]
Total: 18

Threads with active compile tasks:
Total: 0

VM state: at safepoint (normal execution)

VM Mutex/Monitor currently owned by a thread:  ([mutex/lock_event])
[0x00007ffb70cbaf50] Threads_lock - owner thread: 0x000001e83daab040
[0x00007ffb70cbb050] Heap_lock - owner thread: 0x000001e807ab3700

Heap address: 0x000000070aa00000, size: 3926 MB, Compressed Oops mode: Zero based, Oop shift amount: 3

CDS archive(s) mapped at: [0x000001e83e000000-0x000001e83ec90000-0x000001e83ec90000), size 13172736, SharedBaseAddress: 0x000001e83e000000, ArchiveRelocationMode: 1.
Compressed class space mapped at: 0x000001e83f000000-0x000001e87f000000, reserved size: 1073741824
Narrow klass base: 0x000001e83e000000, Narrow klass shift: 0, Narrow klass range: 0x100000000

GC Precious Log:
 CardTable entry size: 512
 Card Set container configuration: InlinePtr #cards 4 size 8 Array Of Cards #cards 16 size 48 Howl #buckets 8 coarsen threshold 3686 Howl Bitmap #cards 512 size 80 coarsen threshold 460 Card regions per heap region 1 cards per card region 4096
 CPUs: 12 total, 12 available
 Memory: 15696M
 Large Page Support: Disabled
 NUMA Support: Disabled
 Compressed Oops: Enabled (Zero based)
 Heap Region Size: 2M
 Heap Min Capacity: 8M
 Heap Initial Capacity: 246M
 Heap Max Capacity: 3926M
 Pre-touch: Disabled
 Parallel Workers: 10
 Concurrent Workers: 3
 Concurrent Refinement Workers: 10
 Periodic GC: Disabled

Heap:
 garbage-first heap   total 143360K, used 122429K [0x000000070aa00000, 0x0000000800000000)
  region size 2048K, 40 young (81920K), 3 survivors (6144K)
 Metaspace       used 103360K, committed 104448K, reserved 1179648K
  class space    used 14590K, committed 15040K, reserved 1048576K

Heap Regions: E=young(eden), S=young(survivor), O=old, HS=humongous(starts), HC=humongous(continues), CS=collection set, F=free, TAMS=top-at-mark-start, PB=parsable bottom
|   0|0x000000070aa00000, 0x000000070ac00000, 0x000000070ac00000|100%| O|  |TAMS 0x000000070aa00000| PB 0x000000070aa00000| Untracked 
|   1|0x000000070ac00000, 0x000000070ade7e38, 0x000000070ae00000| 95%| O|  |TAMS 0x000000070ac00000| PB 0x000000070ac00000| Untracked 
|   2|0x000000070ae00000, 0x000000070b000000, 0x000000070b000000|100%| O|  |TAMS 0x000000070ae00000| PB 0x000000070ae00000| Untracked 
|   3|0x000000070b000000, 0x000000070b1ffff8, 0x000000070b200000| 99%| O|  |TAMS 0x000000070b000000| PB 0x000000070b000000| Untracked 
|   4|0x000000070b200000, 0x000000070b3fffb8, 0x000000070b400000| 99%| O|  |TAMS 0x000000070b200000| PB 0x000000070b200000| Untracked 
|   5|0x000000070b400000, 0x000000070b5ffff8, 0x000000070b600000| 99%| O|  |TAMS 0x000000070b400000| PB 0x000000070b400000| Untracked 
|   6|0x000000070b600000, 0x000000070b7ffff8, 0x000000070b800000| 99%| O|  |TAMS 0x000000070b600000| PB 0x000000070b600000| Untracked 
|   7|0x000000070b800000, 0x000000070b9fffc8, 0x000000070ba00000| 99%| O|  |TAMS 0x000000070b800000| PB 0x000000070b800000| Untracked 
|   8|0x000000070ba00000, 0x000000070bbfb0c8, 0x000000070bc00000| 99%| O|  |TAMS 0x000000070ba00000| PB 0x000000070ba00000| Untracked 
|   9|0x000000070bc00000, 0x000000070bdffff0, 0x000000070be00000| 99%| O|  |TAMS 0x000000070bc00000| PB 0x000000070bc00000| Untracked 
|  10|0x000000070be00000, 0x000000070bfffff0, 0x000000070c000000| 99%| O|  |TAMS 0x000000070be00000| PB 0x000000070be00000| Untracked 
|  11|0x000000070c000000, 0x000000070c1d85c0, 0x000000070c200000| 92%| O|  |TAMS 0x000000070c000000| PB 0x000000070c000000| Untracked 
|  12|0x000000070c200000, 0x000000070c3ffff0, 0x000000070c400000| 99%| O|  |TAMS 0x000000070c200000| PB 0x000000070c200000| Untracked 
|  13|0x000000070c400000, 0x000000070c5fffc8, 0x000000070c600000| 99%| O|  |TAMS 0x000000070c400000| PB 0x000000070c400000| Untracked 
|  14|0x000000070c600000, 0x000000070c7ffff0, 0x000000070c800000| 99%| O|  |TAMS 0x000000070c600000| PB 0x000000070c600000| Untracked 
|  15|0x000000070c800000, 0x000000070c9fffc0, 0x000000070ca00000| 99%| O|  |TAMS 0x000000070c800000| PB 0x000000070c800000| Untracked 
|  16|0x000000070ca00000, 0x000000070cbbe7f8, 0x000000070cc00000| 87%| O|  |TAMS 0x000000070ca00000| PB 0x000000070ca00000| Untracked 
|  17|0x000000070cc00000, 0x000000070cd1c168, 0x000000070ce00000| 55%| O|  |TAMS 0x000000070cc00000| PB 0x000000070cc00000| Untracked 
|  18|0x000000070ce00000, 0x000000070ce82c08, 0x000000070d000000| 25%| O|Cm|TAMS 0x000000070ce00000| PB 0x000000070ce00000| Complete 
|  19|0x000000070d000000, 0x000000070d200000, 0x000000070d200000|100%| O|  |TAMS 0x000000070d000000| PB 0x000000070d000000| Untracked 
|  20|0x000000070d200000, 0x000000070d3cb288, 0x000000070d400000| 89%| O|  |TAMS 0x000000070d200000| PB 0x000000070d200000| Untracked 
|  21|0x000000070d400000, 0x000000070d52e6d0, 0x000000070d600000| 59%| O|  |TAMS 0x000000070d400000| PB 0x000000070d400000| Untracked 
|  22|0x000000070d600000, 0x000000070d800000, 0x000000070d800000|100%| O|  |TAMS 0x000000070d600000| PB 0x000000070d600000| Untracked 
|  23|0x000000070d800000, 0x000000070da00000, 0x000000070da00000|100%| O|  |TAMS 0x000000070d800000| PB 0x000000070d800000| Untracked 
|  24|0x000000070da00000, 0x000000070db7d360, 0x000000070dc00000| 74%| E|CS|TAMS 0x000000070da00000| PB 0x000000070da00000| Complete 
|  25|0x000000070dc00000, 0x000000070de00000, 0x000000070de00000|100%| E|CS|TAMS 0x000000070dc00000| PB 0x000000070dc00000| Complete 
|  26|0x000000070de00000, 0x000000070e000000, 0x000000070e000000|100%| E|CS|TAMS 0x000000070de00000| PB 0x000000070de00000| Complete 
|  27|0x000000070e000000, 0x000000070e200000, 0x000000070e200000|100%| E|CS|TAMS 0x000000070e000000| PB 0x000000070e000000| Complete 
|  28|0x000000070e200000, 0x000000070e258b00, 0x000000070e400000| 17%| O|  |TAMS 0x000000070e200000| PB 0x000000070e200000| Untracked 
|  29|0x000000070e400000, 0x000000070e400000, 0x000000070e600000|  0%| F|  |TAMS 0x000000070e400000| PB 0x000000070e400000| Untracked 
|  30|0x000000070e600000, 0x000000070e6fd420, 0x000000070e800000| 49%| S|  |TAMS 0x000000070e600000| PB 0x000000070e600000| Complete 
|  31|0x000000070e800000, 0x000000070ea00000, 0x000000070ea00000|100%| S|  |TAMS 0x000000070e800000| PB 0x000000070e800000| Complete 
|  32|0x000000070ea00000, 0x000000070ec00000, 0x000000070ec00000|100%| S|  |TAMS 0x000000070ea00000| PB 0x000000070ea00000| Complete 
|  33|0x000000070ec00000, 0x000000070ee00000, 0x000000070ee00000|100%| E|CS|TAMS 0x000000070ec00000| PB 0x000000070ec00000| Complete 
|  34|0x000000070ee00000, 0x000000070f000000, 0x000000070f000000|100%| E|CS|TAMS 0x000000070ee00000| PB 0x000000070ee00000| Complete 
|  35|0x000000070f000000, 0x000000070f200000, 0x000000070f200000|100%| E|CS|TAMS 0x000000070f000000| PB 0x000000070f000000| Complete 
|  36|0x000000070f200000, 0x000000070f400000, 0x000000070f400000|100%| E|CS|TAMS 0x000000070f200000| PB 0x000000070f200000| Complete 
|  37|0x000000070f400000, 0x000000070f600000, 0x000000070f600000|100%| E|CS|TAMS 0x000000070f400000| PB 0x000000070f400000| Complete 
|  38|0x000000070f600000, 0x000000070f800000, 0x000000070f800000|100%| E|CS|TAMS 0x000000070f600000| PB 0x000000070f600000| Complete 
|  39|0x000000070f800000, 0x000000070fa00000, 0x000000070fa00000|100%| E|CS|TAMS 0x000000070f800000| PB 0x000000070f800000| Complete 
|  40|0x000000070fa00000, 0x000000070fc00000, 0x000000070fc00000|100%| E|CS|TAMS 0x000000070fa00000| PB 0x000000070fa00000| Complete 
|  41|0x000000070fc00000, 0x000000070fe00000, 0x000000070fe00000|100%| E|CS|TAMS 0x000000070fc00000| PB 0x000000070fc00000| Complete 
|  42|0x000000070fe00000, 0x0000000710000000, 0x0000000710000000|100%| E|CS|TAMS 0x000000070fe00000| PB 0x000000070fe00000| Complete 
|  43|0x0000000710000000, 0x0000000710200000, 0x0000000710200000|100%| E|CS|TAMS 0x0000000710000000| PB 0x0000000710000000| Complete 
|  44|0x0000000710200000, 0x0000000710400000, 0x0000000710400000|100%| E|CS|TAMS 0x0000000710200000| PB 0x0000000710200000| Complete 
|  45|0x0000000710400000, 0x0000000710600000, 0x0000000710600000|100%| E|CS|TAMS 0x0000000710400000| PB 0x0000000710400000| Complete 
|  46|0x0000000710600000, 0x0000000710800000, 0x0000000710800000|100%| E|CS|TAMS 0x0000000710600000| PB 0x0000000710600000| Complete 
|  47|0x0000000710800000, 0x0000000710a00000, 0x0000000710a00000|100%| E|CS|TAMS 0x0000000710800000| PB 0x0000000710800000| Complete 
|  48|0x0000000710a00000, 0x0000000710c00000, 0x0000000710c00000|100%| E|CS|TAMS 0x0000000710a00000| PB 0x0000000710a00000| Complete 
|  49|0x0000000710c00000, 0x0000000710e00000, 0x0000000710e00000|100%| E|CS|TAMS 0x0000000710c00000| PB 0x0000000710c00000| Complete 
|  50|0x0000000710e00000, 0x0000000711000000, 0x0000000711000000|100%| E|CS|TAMS 0x0000000710e00000| PB 0x0000000710e00000| Complete 
|  51|0x0000000711000000, 0x0000000711200000, 0x0000000711200000|100%| E|CS|TAMS 0x0000000711000000| PB 0x0000000711000000| Complete 
|  52|0x0000000711200000, 0x0000000711400000, 0x0000000711400000|100%| E|CS|TAMS 0x0000000711200000| PB 0x0000000711200000| Complete 
|  53|0x0000000711400000, 0x0000000711600000, 0x0000000711600000|100%| E|CS|TAMS 0x0000000711400000| PB 0x0000000711400000| Complete 
|  54|0x0000000711600000, 0x0000000711800000, 0x0000000711800000|100%| E|CS|TAMS 0x0000000711600000| PB 0x0000000711600000| Complete 
|  55|0x0000000711800000, 0x0000000711a00000, 0x0000000711a00000|100%| E|CS|TAMS 0x0000000711800000| PB 0x0000000711800000| Complete 
|  56|0x0000000711a00000, 0x0000000711c00000, 0x0000000711c00000|100%| E|CS|TAMS 0x0000000711a00000| PB 0x0000000711a00000| Complete 
|  57|0x0000000711c00000, 0x0000000711e00000, 0x0000000711e00000|100%| E|CS|TAMS 0x0000000711c00000| PB 0x0000000711c00000| Complete 
|  58|0x0000000711e00000, 0x0000000712000000, 0x0000000712000000|100%| E|CS|TAMS 0x0000000711e00000| PB 0x0000000711e00000| Complete 
|  59|0x0000000712000000, 0x0000000712200000, 0x0000000712200000|100%| E|CS|TAMS 0x0000000712000000| PB 0x0000000712000000| Complete 
|  60|0x0000000712200000, 0x0000000712400000, 0x0000000712400000|100%| E|CS|TAMS 0x0000000712200000| PB 0x0000000712200000| Complete 
|  61|0x0000000712400000, 0x0000000712600000, 0x0000000712600000|100%| E|CS|TAMS 0x0000000712400000| PB 0x0000000712400000| Complete 
|  62|0x0000000712600000, 0x0000000712800000, 0x0000000712800000|100%| E|CS|TAMS 0x0000000712600000| PB 0x0000000712600000| Complete 
|  63|0x0000000712800000, 0x0000000712a00000, 0x0000000712a00000|100%| E|CS|TAMS 0x0000000712800000| PB 0x0000000712800000| Complete 
|  64|0x0000000712a00000, 0x0000000712c00000, 0x0000000712c00000|100%| E|CS|TAMS 0x0000000712a00000| PB 0x0000000712a00000| Complete 
|  65|0x0000000712c00000, 0x0000000712e00000, 0x0000000712e00000|100%| E|CS|TAMS 0x0000000712c00000| PB 0x0000000712c00000| Complete 
|  66|0x0000000712e00000, 0x0000000713000000, 0x0000000713000000|100%| E|CS|TAMS 0x0000000712e00000| PB 0x0000000712e00000| Complete 
|  67|0x0000000713000000, 0x0000000713200000, 0x0000000713200000|100%| E|CS|TAMS 0x0000000713000000| PB 0x0000000713000000| Complete 
|  68|0x0000000713200000, 0x0000000713400000, 0x0000000713400000|100%| E|CS|TAMS 0x0000000713200000| PB 0x0000000713200000| Complete 
|  69|0x0000000713400000, 0x0000000713600000, 0x0000000713600000|100%| E|CS|TAMS 0x0000000713400000| PB 0x0000000713400000| Complete 

Card table byte_map: [0x000001e8368c0000,0x000001e837070000] _byte_map_base: 0x000001e83306b000

Marking Bits: (CMBitMap*) 0x000001e8289f6590
 Bits: [0x000001e837070000, 0x000001e83adc8000)

Polling page: 0x000001e828920000

Metaspace:

Usage:
  Non-class:     86.69 MB used.
      Class:     14.25 MB used.
       Both:    100.94 MB used.

Virtual space:
  Non-class space:      128.00 MB reserved,      87.31 MB ( 68%) committed,  2 nodes.
      Class space:        1.00 GB reserved,      14.69 MB (  1%) committed,  1 nodes.
             Both:        1.12 GB reserved,     102.00 MB (  9%) committed. 

Chunk freelists:
   Non-Class:  7.98 MB
       Class:  1.25 MB
        Both:  9.23 MB

MaxMetaspaceSize: unlimited
CompressedClassSpaceSize: 1.00 GB
Initial GC threshold: 21.00 MB
Current GC threshold: 169.19 MB
CDS: on
 - commit_granule_bytes: 65536.
 - commit_granule_words: 8192.
 - virtual_space_node_default_size: 8388608.
 - enlarge_chunks_in_place: 1.
 - use_allocation_guard: 0.


Internal statistics:

num_allocs_failed_limit: 14.
num_arena_births: 2814.
num_arena_deaths: 1368.
num_vsnodes_births: 3.
num_vsnodes_deaths: 0.
num_space_committed: 1632.
num_space_uncommitted: 0.
num_chunks_returned_to_freelist: 1646.
num_chunks_taken_from_freelist: 7756.
num_chunk_merges: 393.
num_chunk_splits: 4606.
num_chunks_enlarged: 3254.
num_inconsistent_stats: 0.

CodeCache: size=49152Kb used=22799Kb max_used=24535Kb free=26352Kb
 bounds [0x000001e832610000, 0x000001e833e20000, 0x000001e835610000]
 total_blobs=12010 nmethods=11218 adapters=714
 compilation: enabled
              stopped_count=0, restarted_count=0
 full_count=0

Compilation events (20 events):
Event: 86263.022 Thread 0x000001e83dae57e0 15869       1       java.io.DataInputStream::readUnsignedByte (22 bytes)
Event: 86263.022 Thread 0x000001e83dae57e0 nmethod 15869 0x000001e833b97a10 code [0x000001e833b97bc0, 0x000001e833b97d68]
Event: 86322.811 Thread 0x000001e83dae57e0 15870       1       java.util.concurrent.ScheduledThreadPoolExecutor::scheduleWithFixedDelay (90 bytes)
Event: 86322.813 Thread 0x000001e83dae57e0 nmethod 15870 0x000001e833a9a010 code [0x000001e833a9a240, 0x000001e833a9a9e8]
Event: 86323.204 Thread 0x000001e83dae57e0 15871       1       java.rmi.dgc.VMID::equals (118 bytes)
Event: 86323.204 Thread 0x000001e83dae57e0 nmethod 15871 0x000001e833a78490 code [0x000001e833a78660, 0x000001e833a789a0]
Event: 86357.908 Thread 0x000001e83dae57e0 15872       1       sun.rmi.transport.tcp.TCPEndpoint::<init> (43 bytes)
Event: 86357.909 Thread 0x000001e83dae57e0 nmethod 15872 0x000001e833b9a290 code [0x000001e833b9a440, 0x000001e833b9a680]
Event: 86477.934 Thread 0x000001e83dae57e0 15873       1       java.util.concurrent.SynchronousQueue::offer (20 bytes)
Event: 86477.936 Thread 0x000001e83dae57e0 nmethod 15873 0x000001e833b56890 code [0x000001e833b56a60, 0x000001e833b56c88]
Event: 86482.624 Thread 0x000001e83dae57e0 15874       1       java.util.concurrent.locks.AbstractQueuedSynchronizer$Node::getAndUnsetStatus (14 bytes)
Event: 86482.625 Thread 0x000001e83dae57e0 nmethod 15874 0x000001e83391b190 code [0x000001e83391b320, 0x000001e83391b438]
Event: 86482.625 Thread 0x000001e83dae57e0 15875       1       jdk.internal.misc.Unsafe::getAndBitwiseAndInt (27 bytes)
Event: 86482.626 Thread 0x000001e83dae57e0 nmethod 15875 0x000001e83397ad10 code [0x000001e83397aea0, 0x000001e83397afa8]
Event: 86563.123 Thread 0x000001e83dae57e0 15876       1       sun.nio.ch.NioSocketImpl::getOutputStream (9 bytes)
Event: 86563.126 Thread 0x000001e83dae57e0 nmethod 15876 0x000001e833994f90 code [0x000001e833995120, 0x000001e833995298]
Event: 86563.126 Thread 0x000001e83dae57e0 15877       1       sun.nio.ch.NioSocketImpl$2::<init> (10 bytes)
Event: 86563.126 Thread 0x000001e83dae57e0 nmethod 15877 0x000001e833a6b010 code [0x000001e833a6b1a0, 0x000001e833a6b2b8]
Event: 86578.132 Thread 0x000001e83dae57e0 15878       1       java.util.concurrent.SynchronousQueue::poll (41 bytes)
Event: 86578.140 Thread 0x000001e83dae57e0 nmethod 15878 0x000001e833a99890 code [0x000001e833a99a80, 0x000001e833a99d88]

GC Heap History (20 events):
Event: 919.214 GC heap after
{Heap after GC invocations=50 (full 10):
 garbage-first heap   total 178176K, used 56570K [0x000000070aa00000, 0x0000000800000000)
  region size 2048K, 6 young (12288K), 6 survivors (12288K)
 Metaspace       used 98212K, committed 99136K, reserved 1179648K
  class space    used 13880K, committed 14272K, reserved 1048576K
}
Event: 1193.579 GC heap before
{Heap before GC invocations=50 (full 10):
 garbage-first heap   total 178176K, used 109818K [0x000000070aa00000, 0x0000000800000000)
  region size 2048K, 34 young (69632K), 6 survivors (12288K)
 Metaspace       used 101669K, committed 102592K, reserved 1179648K
  class space    used 14408K, committed 14784K, reserved 1048576K
}
Event: 1193.647 GC heap after
{Heap after GC invocations=51 (full 11):
 garbage-first heap   total 178176K, used 53056K [0x000000070aa00000, 0x0000000800000000)
  region size 2048K, 0 young (0K), 0 survivors (0K)
 Metaspace       used 101669K, committed 102592K, reserved 1179648K
  class space    used 14408K, committed 14784K, reserved 1048576K
}
Event: 1194.965 GC heap before
{Heap before GC invocations=51 (full 11):
 garbage-first heap   total 178176K, used 149312K [0x000000070aa00000, 0x0000000800000000)
  region size 2048K, 48 young (98304K), 0 survivors (0K)
 Metaspace       used 101934K, committed 102912K, reserved 1179648K
  class space    used 14432K, committed 14848K, reserved 1048576K
}
Event: 1194.969 GC heap after
{Heap after GC invocations=52 (full 11):
 garbage-first heap   total 178176K, used 60231K [0x000000070aa00000, 0x0000000800000000)
  region size 2048K, 4 young (8192K), 4 survivors (8192K)
 Metaspace       used 101934K, committed 102912K, reserved 1179648K
  class space    used 14432K, committed 14848K, reserved 1048576K
}
Event: 1200.953 GC heap before
{Heap before GC invocations=52 (full 11):
 garbage-first heap   total 178176K, used 107335K [0x000000070aa00000, 0x0000000800000000)
  region size 2048K, 28 young (57344K), 4 survivors (8192K)
 Metaspace       used 102081K, committed 103040K, reserved 1179648K
  class space    used 14446K, committed 14848K, reserved 1048576K
}
Event: 1201.051 GC heap after
{Heap after GC invocations=53 (full 12):
 garbage-first heap   total 178176K, used 48829K [0x000000070aa00000, 0x0000000800000000)
  region size 2048K, 0 young (0K), 0 survivors (0K)
 Metaspace       used 101908K, committed 103040K, reserved 1179648K
  class space    used 14425K, committed 14848K, reserved 1048576K
}
Event: 1202.397 GC heap before
{Heap before GC invocations=53 (full 12):
 garbage-first heap   total 178176K, used 147133K [0x000000070aa00000, 0x0000000800000000)
  region size 2048K, 49 young (100352K), 0 survivors (0K)
 Metaspace       used 102178K, committed 103104K, reserved 1179648K
  class space    used 14450K, committed 14848K, reserved 1048576K
}
Event: 1202.401 GC heap after
{Heap after GC invocations=54 (full 12):
 garbage-first heap   total 178176K, used 56232K [0x000000070aa00000, 0x0000000800000000)
  region size 2048K, 4 young (8192K), 4 survivors (8192K)
 Metaspace       used 102178K, committed 103104K, reserved 1179648K
  class space    used 14450K, committed 14848K, reserved 1048576K
}
Event: 1358.455 GC heap before
{Heap before GC invocations=54 (full 12):
 garbage-first heap   total 178176K, used 113576K [0x000000070aa00000, 0x0000000800000000)
  region size 2048K, 33 young (67584K), 4 survivors (8192K)
 Metaspace       used 102336K, committed 103360K, reserved 1179648K
  class space    used 14464K, committed 14912K, reserved 1048576K
}
Event: 1358.532 GC heap after
{Heap after GC invocations=55 (full 13):
 garbage-first heap   total 178176K, used 47608K [0x000000070aa00000, 0x0000000800000000)
  region size 2048K, 0 young (0K), 0 survivors (0K)
 Metaspace       used 102324K, committed 103360K, reserved 1179648K
  class space    used 14461K, committed 14912K, reserved 1048576K
}
Event: 1359.964 GC heap before
{Heap before GC invocations=55 (full 13):
 garbage-first heap   total 178176K, used 145912K [0x000000070aa00000, 0x0000000800000000)
  region size 2048K, 49 young (100352K), 0 survivors (0K)
 Metaspace       used 102592K, committed 103552K, reserved 1179648K
  class space    used 14489K, committed 14912K, reserved 1048576K
}
Event: 1359.970 GC heap after
{Heap after GC invocations=56 (full 13):
 garbage-first heap   total 178176K, used 55101K [0x000000070aa00000, 0x0000000800000000)
  region size 2048K, 4 young (8192K), 4 survivors (8192K)
 Metaspace       used 102592K, committed 103552K, reserved 1179648K
  class space    used 14489K, committed 14912K, reserved 1048576K
}
Event: 1542.676 GC heap before
{Heap before GC invocations=56 (full 13):
 garbage-first heap   total 178176K, used 149309K [0x000000070aa00000, 0x0000000800000000)
  region size 2048K, 50 young (102400K), 4 survivors (8192K)
 Metaspace       used 102735K, committed 103744K, reserved 1179648K
  class space    used 14503K, committed 14912K, reserved 1048576K
}
Event: 1542.686 GC heap after
{Heap after GC invocations=57 (full 13):
 garbage-first heap   total 178176K, used 56102K [0x000000070aa00000, 0x0000000800000000)
  region size 2048K, 5 young (10240K), 5 survivors (10240K)
 Metaspace       used 102735K, committed 103744K, reserved 1179648K
  class space    used 14503K, committed 14912K, reserved 1048576K
}
Event: 1624.259 GC heap before
{Heap before GC invocations=57 (full 13):
 garbage-first heap   total 178176K, used 86822K [0x000000070aa00000, 0x0000000800000000)
  region size 2048K, 21 young (43008K), 5 survivors (10240K)
 Metaspace       used 102739K, committed 103744K, reserved 1179648K
  class space    used 14504K, committed 14912K, reserved 1048576K
}
Event: 1624.354 GC heap after
{Heap after GC invocations=58 (full 14):
 garbage-first heap   total 143360K, used 38984K [0x000000070aa00000, 0x0000000800000000)
  region size 2048K, 0 young (0K), 0 survivors (0K)
 Metaspace       used 102597K, committed 103744K, reserved 1179648K
  class space    used 14472K, committed 14912K, reserved 1048576K
}
Event: 1625.572 GC heap before
{Heap before GC invocations=58 (full 14):
 garbage-first heap   total 143360K, used 122952K [0x000000070aa00000, 0x0000000800000000)
  region size 2048K, 42 young (86016K), 0 survivors (0K)
 Metaspace       used 102866K, committed 103936K, reserved 1179648K
  class space    used 14529K, committed 14976K, reserved 1048576K
}
Event: 1625.577 GC heap after
{Heap after GC invocations=59 (full 14):
 garbage-first heap   total 143360K, used 46653K [0x000000070aa00000, 0x0000000800000000)
  region size 2048K, 4 young (8192K), 4 survivors (8192K)
 Metaspace       used 102866K, committed 103936K, reserved 1179648K
  class space    used 14529K, committed 14976K, reserved 1048576K
}
Event: 86696.378 GC heap before
{Heap before GC invocations=60 (full 14):
 garbage-first heap   total 143360K, used 122429K [0x000000070aa00000, 0x0000000800000000)
  region size 2048K, 41 young (83968K), 4 survivors (8192K)
 Metaspace       used 103360K, committed 104448K, reserved 1179648K
  class space    used 14590K, committed 15040K, reserved 1048576K
}

Dll operation events (12 events):
Event: 0.032 Loaded shared library C:\Program Files\Java\jdk-21.0.11\bin\java.dll
Event: 0.387 Loaded shared library C:\Program Files\Java\jdk-21.0.11\bin\zip.dll
Event: 0.392 Loaded shared library C:\Program Files\Java\jdk-21.0.11\bin\instrument.dll
Event: 0.401 Loaded shared library C:\Program Files\Java\jdk-21.0.11\bin\net.dll
Event: 0.403 Loaded shared library C:\Program Files\Java\jdk-21.0.11\bin\nio.dll
Event: 0.408 Loaded shared library C:\Program Files\Java\jdk-21.0.11\bin\zip.dll
Event: 0.626 Loaded shared library C:\Program Files\Java\jdk-21.0.11\bin\jimage.dll
Event: 0.685 Loaded shared library C:\Program Files\Java\jdk-21.0.11\bin\management.dll
Event: 0.698 Loaded shared library C:\Program Files\Java\jdk-21.0.11\bin\management_ext.dll
Event: 0.956 Loaded shared library C:\Program Files\Java\jdk-21.0.11\bin\extnet.dll
Event: 0.983 Loaded shared library C:\Program Files\Java\jdk-21.0.11\bin\verify.dll
Event: 2.715 Loaded shared library C:\Program Files\Java\jdk-21.0.11\bin\sunmscapi.dll

Deoptimization events (20 events):
Event: 4111.265 Thread 0x000001e807866c40 DEOPT PACKING pc=0x000001e833961ba4 sp=0x0000001a85afe640
Event: 4111.265 Thread 0x000001e807866c40 DEOPT UNPACKING pc=0x000001e832664e42 sp=0x0000001a85afdaa0 mode 1
Event: 4111.265 Thread 0x000001e807866c40 DEOPT PACKING pc=0x000001e8330d5cd4 sp=0x0000001a85afe780
Event: 4111.265 Thread 0x000001e807866c40 DEOPT UNPACKING pc=0x000001e832664e42 sp=0x0000001a85afdc90 mode 1
Event: 4111.265 Thread 0x000001e807866c40 DEOPT PACKING pc=0x000001e832da980c sp=0x0000001a85afe930
Event: 4111.265 Thread 0x000001e807866c40 DEOPT UNPACKING pc=0x000001e832664e42 sp=0x0000001a85afdeb8 mode 1
Event: 86323.032 Thread 0x000001e807864b70 DEOPT PACKING pc=0x000001e832dae154 sp=0x0000001a863feb20
Event: 86323.032 Thread 0x000001e807864b70 DEOPT UNPACKING pc=0x000001e832664e42 sp=0x0000001a863fe1a0 mode 1
Event: 86323.035 Thread 0x000001e807864b70 DEOPT PACKING pc=0x000001e833a7a32c sp=0x0000001a863feda0
Event: 86323.037 Thread 0x000001e807864b70 DEOPT UNPACKING pc=0x000001e832664e42 sp=0x0000001a863fe400 mode 1
Event: 86323.054 Thread 0x000001e807ab57d0 DEOPT PACKING pc=0x000001e832dae154 sp=0x0000001a842feae0
Event: 86323.054 Thread 0x000001e807ab57d0 DEOPT UNPACKING pc=0x000001e832664e42 sp=0x0000001a842fe160 mode 1
Event: 86323.054 Thread 0x000001e807ab57d0 DEOPT PACKING pc=0x000001e833a7a32c sp=0x0000001a842fed60
Event: 86323.055 Thread 0x000001e807ab57d0 DEOPT UNPACKING pc=0x000001e832664e42 sp=0x0000001a842fe3c0 mode 1
Event: 86323.136 Thread 0x000001e807866c40 DEOPT PACKING pc=0x000001e832dae154 sp=0x0000001a85afeb90
Event: 86323.136 Thread 0x000001e807866c40 DEOPT UNPACKING pc=0x000001e832664e42 sp=0x0000001a85afe220 mode 1
Event: 86357.903 Thread 0x000001e807864b70 DEOPT PACKING pc=0x000001e832dae154 sp=0x0000001a863feb20
Event: 86357.903 Thread 0x000001e807864b70 DEOPT UNPACKING pc=0x000001e832664e42 sp=0x0000001a863fe1a0 mode 1
Event: 86357.903 Thread 0x000001e807864b70 DEOPT PACKING pc=0x000001e833a7a32c sp=0x0000001a863feda0
Event: 86357.903 Thread 0x000001e807864b70 DEOPT UNPACKING pc=0x000001e832664e42 sp=0x0000001a863fe400 mode 1

Classes loaded (20 events):
Event: 403.459 Loading class java/nio/file/SimpleFileVisitor
Event: 403.460 Loading class java/nio/file/SimpleFileVisitor done
Event: 403.460 Loading class java/nio/file/Files$3
Event: 403.460 Loading class java/nio/file/Files$3 done
Event: 403.460 Loading class java/nio/file/FileVisitResult
Event: 403.460 Loading class java/nio/file/FileVisitResult done
Event: 403.518 Loading class java/lang/ref/Finalizer$2
Event: 403.518 Loading class java/lang/ref/Finalizer$2 done
Event: 403.518 Loading class java/lang/ref/Finalizer$1
Event: 403.518 Loading class java/lang/ref/Finalizer$1 done
Event: 404.373 Loading class java/time/DurationEditor
Event: 404.373 Loading class java/time/DurationEditor done
Event: 405.801 Loading class java/util/concurrent/locks/ReentrantReadWriteLock$Sync$HoldCounter
Event: 405.801 Loading class java/util/concurrent/locks/ReentrantReadWriteLock$Sync$HoldCounter done
Event: 918.808 Loading class java/util/EmptyStackException
Event: 918.808 Loading class java/util/EmptyStackException done
Event: 918.847 Loading class java/io/InvalidClassException
Event: 918.847 Loading class java/io/InvalidClassException done
Event: 1625.168 Loading class java/time/DurationEditor
Event: 1625.168 Loading class java/time/DurationEditor done

Classes unloaded (20 events):
Event: 1624.286 Thread 0x000001e83daab040 Unloading class 0x000001e83fd76800 'jdk/internal/reflect/GeneratedSerializationConstructorAccessor34'
Event: 1624.286 Thread 0x000001e83daab040 Unloading class 0x000001e83fd58000 'java/lang/invoke/LambdaForm$MH+0x000001e83fd58000'
Event: 1624.286 Thread 0x000001e83daab040 Unloading class 0x000001e83fd4cc00 'java/lang/invoke/LambdaForm$MH+0x000001e83fd4cc00'
Event: 1624.286 Thread 0x000001e83daab040 Unloading class 0x000001e83fd49400 'java/lang/invoke/LambdaForm$MH+0x000001e83fd49400'
Event: 1624.286 Thread 0x000001e83daab040 Unloading class 0x000001e83fd45c00 'java/lang/invoke/LambdaForm$MH+0x000001e83fd45c00'
Event: 1624.286 Thread 0x000001e83daab040 Unloading class 0x000001e83fd45800 'java/lang/invoke/LambdaForm$MH+0x000001e83fd45800'
Event: 1624.286 Thread 0x000001e83daab040 Unloading class 0x000001e83fd45000 'java/lang/invoke/LambdaForm$MH+0x000001e83fd45000'
Event: 1624.286 Thread 0x000001e83daab040 Unloading class 0x000001e83fd44c00 'java/lang/invoke/LambdaForm$MH+0x000001e83fd44c00'
Event: 1624.286 Thread 0x000001e83daab040 Unloading class 0x000001e83fd44800 'java/lang/invoke/LambdaForm$MH+0x000001e83fd44800'
Event: 1624.286 Thread 0x000001e83daab040 Unloading class 0x000001e83fd44400 'java/lang/invoke/LambdaForm$BMH+0x000001e83fd44400'
Event: 1624.286 Thread 0x000001e83daab040 Unloading class 0x000001e83fd42400 'java/lang/invoke/LambdaForm$DMH+0x000001e83fd42400'
Event: 1624.286 Thread 0x000001e83daab040 Unloading class 0x000001e83fd42000 'java/lang/invoke/LambdaForm$DMH+0x000001e83fd42000'
Event: 1624.286 Thread 0x000001e83daab040 Unloading class 0x000001e83fd3b400 'java/lang/invoke/LambdaForm$MH+0x000001e83fd3b400'
Event: 1624.286 Thread 0x000001e83daab040 Unloading class 0x000001e83fd3b000 'java/lang/invoke/LambdaForm$MH+0x000001e83fd3b000'
Event: 1624.286 Thread 0x000001e83daab040 Unloading class 0x000001e83fd3a400 'java/lang/invoke/LambdaForm$MH+0x000001e83fd3a400'
Event: 1624.286 Thread 0x000001e83daab040 Unloading class 0x000001e83fd2e000 'jdk/internal/reflect/GeneratedSerializationConstructorAccessor32'
Event: 1624.286 Thread 0x000001e83daab040 Unloading class 0x000001e83fd2dc00 'jdk/internal/reflect/GeneratedSerializationConstructorAccessor31'
Event: 1624.286 Thread 0x000001e83daab040 Unloading class 0x000001e83fd2d800 'jdk/internal/reflect/GeneratedSerializationConstructorAccessor30'
Event: 1624.286 Thread 0x000001e83daab040 Unloading class 0x000001e83f15d000 'java/lang/invoke/LambdaForm$MH+0x000001e83f15d000'
Event: 1624.286 Thread 0x000001e83daab040 Unloading class 0x000001e83f594000 'java/lang/invoke/LambdaForm$DMH+0x000001e83f594000'

Classes redefined (20 events):
Event: 404.412 Thread 0x000001e83daab040 redefined class name=com.anticorruption.report.config.ReferenceServiceClient, count=1
Event: 404.412 Thread 0x000001e83daab040 redefined class name=com.anticorruption.report.config.UserServiceClient, count=1
Event: 404.412 Thread 0x000001e83daab040 redefined class name=com.anticorruption.report.controller.ReportController, count=1
Event: 404.412 Thread 0x000001e83daab040 redefined class name=com.anticorruption.report.entity.Report$ReportBuilder, count=1
Event: 404.412 Thread 0x000001e83daab040 redefined class name=com.anticorruption.report.entity.Report, count=1
Event: 404.412 Thread 0x000001e83daab040 redefined class name=com.anticorruption.report.entity.ReportEvidence$ReportEvidenceBuilder, count=1
Event: 404.412 Thread 0x000001e83daab040 redefined class name=com.anticorruption.report.entity.ReportEvidence, count=1
Event: 404.412 Thread 0x000001e83daab040 redefined class name=com.anticorruption.report.entity.SubmissionType, count=1
Event: 404.412 Thread 0x000001e83daab040 redefined class name=com.anticorruption.report.repository.ReportEvidenceRepository, count=1
Event: 404.412 Thread 0x000001e83daab040 redefined class name=com.anticorruption.report.repository.ReportRepository, count=1
Event: 404.412 Thread 0x000001e83daab040 redefined class name=com.anticorruption.report.repository.ReportView, count=1
Event: 404.412 Thread 0x000001e83daab040 redefined class name=com.anticorruption.report.service.EvidenceStorageService, count=1
Event: 404.412 Thread 0x000001e83daab040 redefined class name=com.anticorruption.report.service.EvidenceValidationService, count=1
Event: 404.412 Thread 0x000001e83daab040 redefined class name=com.anticorruption.report.service.ReportService, count=1
Event: 404.412 Thread 0x000001e83daab040 redefined class name=com.anticorruption.report_service.ReportServiceApplication, count=1
Event: 404.412 Thread 0x000001e83daab040 redefined class name=com.anticorruption.report_service.ReportServiceApplication, count=1
Event: 404.412 Thread 0x000001e83daab040 redefined class name=com.anticorruption.report_service.ReportServiceApplication, count=1
Event: 404.412 Thread 0x000001e83daab040 redefined class name=com.anticorruption.report.config.RedisConfig, count=1
Event: 404.412 Thread 0x000001e83daab040 redefined class name=com.anticorruption.report.repository.ReportEvidenceRepository, count=1
Event: 404.412 Thread 0x000001e83daab040 redefined class name=com.anticorruption.report.repository.ReportRepository, count=1

Internal exceptions (20 events):
Event: 1201.765 Thread 0x000001e807ab64f0 Exception <a 'java/io/FileNotFoundException'{0x0000000711664670}> (0x0000000711664670) 
thrown [s\open\src\hotspot\share\prims\jni.cpp, line 520]
Event: 1201.857 Thread 0x000001e807ab64f0 Exception <a 'java/io/FileNotFoundException'{0x00000007111bbaf8}> (0x00000007111bbaf8) 
thrown [s\open\src\hotspot\share\prims\jni.cpp, line 520]
Event: 1202.522 Thread 0x000001e807ab64f0 Exception <a 'sun/nio/fs/WindowsException'{0x0000000714df3178}> (0x0000000714df3178) 
thrown [s\open\src\hotspot\share\prims\jni.cpp, line 520]
Event: 1358.439 Thread 0x000001e807ab5140 Exception <a 'java/lang/InterruptedException'{0x00000007123cdce8}: sleep interrupted> (0x00000007123cdce8) 
thrown [s\open\src\hotspot\share\prims\jvm.cpp, line 3086]
Event: 1358.450 Thread 0x000001e807ab57d0 Exception <a 'java/lang/InterruptedException'{0x0000000711e21aa8}: sleep interrupted> (0x0000000711e21aa8) 
thrown [s\open\src\hotspot\share\prims\jvm.cpp, line 3086]
Event: 1358.551 Thread 0x000001e807861d80 Exception <a 'sun/nio/fs/WindowsException'{0x0000000719ed4908}> (0x0000000719ed4908) 
thrown [s\open\src\hotspot\share\prims\jni.cpp, line 520]
Event: 1359.266 Thread 0x000001e807861d80 Exception <a 'java/io/FileNotFoundException'{0x0000000711631a80}> (0x0000000711631a80) 
thrown [s\open\src\hotspot\share\prims\jni.cpp, line 520]
Event: 1359.380 Thread 0x000001e807861d80 Exception <a 'java/io/FileNotFoundException'{0x000000071118a228}> (0x000000071118a228) 
thrown [s\open\src\hotspot\share\prims\jni.cpp, line 520]
Event: 1360.089 Thread 0x000001e807861d80 Exception <a 'sun/nio/fs/WindowsException'{0x0000000714d80ee0}> (0x0000000714d80ee0) 
thrown [s\open\src\hotspot\share\prims\jni.cpp, line 520]
Event: 1624.230 Thread 0x000001e807863130 Exception <a 'java/lang/InterruptedException'{0x0000000713a350a0}: sleep interrupted> (0x0000000713a350a0) 
thrown [s\open\src\hotspot\share\prims\jvm.cpp, line 3086]
Event: 1624.254 Thread 0x000001e8078616f0 Exception <a 'java/lang/InterruptedException'{0x00000007138358d0}: sleep interrupted> (0x00000007138358d0) 
thrown [s\open\src\hotspot\share\prims\jvm.cpp, line 3086]
Event: 1624.388 Thread 0x000001e807863130 Exception <a 'sun/nio/fs/WindowsException'{0x000000071356a160}> (0x000000071356a160) 
thrown [s\open\src\hotspot\share\prims\jni.cpp, line 520]
Event: 1625.116 Thread 0x000001e807863130 Exception <a 'java/lang/NoSuchMethodError'{0x000000070feddf08}: 'void java.lang.invoke.DelegatingMethodHandle$Holder.reinvoke_L(java.lang.Object, java.lang.Object, int)'> (0x000000070feddf08) 
thrown [s\open\src\hotspot\share\interpreter\linkResolver.cpp, line 773]
Event: 1625.222 Thread 0x000001e807863130 Exception <a 'java/lang/NoSuchMethodError'{0x000000070f026670}: 'int java.lang.invoke.DirectMethodHandle$Holder.invokeVirtual(java.lang.Object, java.lang.Object, java.lang.Object, java.lang.Object)'> (0x000000070f026670) 
thrown [s\open\src\hotspot\share\interpreter\linkResolver.cpp, line 773]
Event: 1625.222 Thread 0x000001e807863130 Exception <a 'java/lang/NoSuchMethodError'{0x000000070f029c48}: 'int java.lang.invoke.DelegatingMethodHandle$Holder.reinvoke_L(java.lang.Object, java.lang.Object, java.lang.Object, java.lang.Object)'> (0x000000070f029c48) 
thrown [s\open\src\hotspot\share\interpreter\linkResolver.cpp, line 773]
Event: 1625.233 Thread 0x000001e807863130 Exception <a 'java/io/FileNotFoundException'{0x000000070f089ac8}> (0x000000070f089ac8) 
thrown [s\open\src\hotspot\share\prims\jni.cpp, line 520]
Event: 1625.322 Thread 0x000001e807863130 Exception <a 'java/io/FileNotFoundException'{0x000000070e885840}> (0x000000070e885840) 
thrown [s\open\src\hotspot\share\prims\jni.cpp, line 520]
Event: 1626.052 Thread 0x000001e807863130 Exception <a 'sun/nio/fs/WindowsException'{0x00000007115bcf88}> (0x00000007115bcf88) 
thrown [s\open\src\hotspot\share\prims\jni.cpp, line 520]
Event: 1626.299 Thread 0x000001e807ab78a0 Exception <a 'java/lang/NoSuchMethodError'{0x00000007112caa58}: static [Ljava/lang/StackTraceElement;.<clinit>()V> (0x00000007112caa58) 
thrown [s\open\src\hotspot\share\prims\jni.cpp, line 1111]
Event: 2947.032 Thread 0x000001e807866c40 Exception <a 'java/lang/NoSuchMethodError'{0x0000000710d6aee0}: static [Ljava/lang/Integer;.<clinit>()V> (0x0000000710d6aee0) 
thrown [s\open\src\hotspot\share\prims\jni.cpp, line 1111]

ZGC Phase Switch (0 events):
No events

VM Operations (20 events):
Event: 86400.654 Executing VM operation: HandshakeAllThreads (HandshakeForDeflation) done
Event: 86400.654 Executing VM operation: RendezvousGCThreads
Event: 86400.654 Executing VM operation: RendezvousGCThreads done
Event: 86460.666 Executing VM operation: HandshakeAllThreads (HandshakeForDeflation)
Event: 86460.666 Executing VM operation: HandshakeAllThreads (HandshakeForDeflation) done
Event: 86460.666 Executing VM operation: RendezvousGCThreads
Event: 86460.666 Executing VM operation: RendezvousGCThreads done
Event: 86520.795 Executing VM operation: HandshakeAllThreads (HandshakeForDeflation)
Event: 86520.795 Executing VM operation: HandshakeAllThreads (HandshakeForDeflation) done
Event: 86520.796 Executing VM operation: RendezvousGCThreads
Event: 86520.796 Executing VM operation: RendezvousGCThreads done
Event: 86580.844 Executing VM operation: HandshakeAllThreads (HandshakeForDeflation)
Event: 86580.844 Executing VM operation: HandshakeAllThreads (HandshakeForDeflation) done
Event: 86580.844 Executing VM operation: RendezvousGCThreads
Event: 86580.844 Executing VM operation: RendezvousGCThreads done
Event: 86641.066 Executing VM operation: HandshakeAllThreads (HandshakeForDeflation)
Event: 86641.066 Executing VM operation: HandshakeAllThreads (HandshakeForDeflation) done
Event: 86641.066 Executing VM operation: RendezvousGCThreads
Event: 86641.066 Executing VM operation: RendezvousGCThreads done
Event: 86696.374 Executing VM operation: G1CollectForAllocation (G1 Evacuation Pause)

Events (20 events):
Event: 86322.533 Thread 0x000001e807ab64f0 Thread added: 0x000001e807ab64f0
Event: 86322.534 Thread 0x000001e807ab4420 Thread added: 0x000001e807ab4420
Event: 86322.534 Thread 0x000001e807ab57d0 Thread added: 0x000001e807ab57d0
Event: 86322.537 Thread 0x000001e807ab3d90 Thread exited: 0x000001e807ab3d90
Event: 86322.542 Thread 0x000001e807ab57d0 Thread exited: 0x000001e807ab57d0
Event: 86322.542 Thread 0x000001e807ab4420 Thread exited: 0x000001e807ab4420
Event: 86322.543 Thread 0x000001e8078665b0 Thread exited: 0x000001e8078665b0
Event: 86322.621 Thread 0x000001e807ab64f0 Thread exited: 0x000001e807ab64f0
Event: 86322.621 Thread 0x000001e807ab3700 Thread exited: 0x000001e807ab3700
Event: 86322.623 Thread 0x000001e807867ff0 Thread exited: 0x000001e807867ff0
Event: 86322.640 Thread 0x000001e87fb3c730 Thread exited: 0x000001e87fb3c730
Event: 86323.051 Thread 0x000001e807ab57d0 Thread added: 0x000001e807ab57d0
Event: 86323.054 Thread 0x000001e807ab4420 Thread added: 0x000001e807ab4420
Event: 86323.061 Thread 0x000001e807ab3d90 Thread added: 0x000001e807ab3d90
Event: 86323.063 Thread 0x000001e807ab5e60 Thread added: 0x000001e807ab5e60
Event: 86323.199 Thread 0x000001e807ab3700 Thread added: 0x000001e807ab3700
Event: 86323.205 Thread 0x000001e807ab64f0 Thread added: 0x000001e807ab64f0
Event: 86357.908 Thread 0x000001e807ab3070 Thread added: 0x000001e807ab3070
Event: 86398.071 Thread 0x000001e807ab57d0 Thread exited: 0x000001e807ab57d0
Event: 86398.071 Thread 0x000001e807ab4420 Thread exited: 0x000001e807ab4420


Dynamic libraries:
0x00007ff6da780000 - 0x00007ff6da790000 	C:\Program Files\Java\jdk-21.0.11\bin\javaw.exe
0x00007ffc60c20000 - 0x00007ffc60e86000 	C:\Windows\SYSTEM32\ntdll.dll
0x00007ffc5f0b0000 - 0x00007ffc5f179000 	C:\Windows\System32\KERNEL32.DLL
0x00007ffc5e380000 - 0x00007ffc5e77f000 	C:\Windows\System32\KERNELBASE.dll
0x00007ffc5dee0000 - 0x00007ffc5e02c000 	C:\Windows\System32\ucrtbase.dll
0x00007ffc1f090000 - 0x00007ffc1f0a9000 	C:\Program Files\Java\jdk-21.0.11\bin\jli.dll
0x00007ffc18b20000 - 0x00007ffc18b3e000 	C:\Program Files\Java\jdk-21.0.11\bin\VCRUNTIME140.dll
0x00007ffc5f7c0000 - 0x00007ffc5f87c000 	C:\Windows\System32\ADVAPI32.dll
0x00007ffc5f180000 - 0x00007ffc5f229000 	C:\Windows\System32\msvcrt.dll
0x00007ffc60420000 - 0x00007ffc604ca000 	C:\Windows\System32\sechost.dll
0x00007ffc5f6a0000 - 0x00007ffc5f7b8000 	C:\Windows\System32\RPCRT4.dll
0x00007ffc601a0000 - 0x00007ffc60366000 	C:\Windows\System32\USER32.dll
0x00007ffc5e350000 - 0x00007ffc5e377000 	C:\Windows\System32\win32u.dll
0x00007ffc4d350000 - 0x00007ffc4d5e1000 	C:\Windows\WinSxS\amd64_microsoft.windows.common-controls_6595b64144ccf1df_6.0.26100.8972_none_3e0da176e32f9d4b\COMCTL32.dll
0x00007ffc5f4c0000 - 0x00007ffc5f4eb000 	C:\Windows\System32\GDI32.dll
0x00007ffc5e790000 - 0x00007ffc5e8b9000 	C:\Windows\System32\gdi32full.dll
0x00007ffc5de30000 - 0x00007ffc5ded3000 	C:\Windows\System32\msvcp_win.dll
0x00007ffc57e90000 - 0x00007ffc57e9b000 	C:\Windows\SYSTEM32\VERSION.dll
0x00007ffc5f4f0000 - 0x00007ffc5f522000 	C:\Windows\System32\IMM32.DLL
0x00007ffc27670000 - 0x00007ffc2767c000 	C:\Program Files\Java\jdk-21.0.11\bin\vcruntime140_1.dll
0x00007ffbb8d90000 - 0x00007ffbb8e1d000 	C:\Program Files\Java\jdk-21.0.11\bin\msvcp140.dll
0x00007ffb70070000 - 0x00007ffb70d98000 	C:\Program Files\Java\jdk-21.0.11\bin\server\jvm.dll
0x00007ffc60390000 - 0x00007ffc60412000 	C:\Windows\System32\WS2_32.dll
0x00007ffc5dc90000 - 0x00007ffc5dcee000 	C:\Windows\SYSTEM32\POWRPROF.dll
0x00007ffc57e50000 - 0x00007ffc57e86000 	C:\Windows\SYSTEM32\WINMM.dll
0x00007ffc5dc70000 - 0x00007ffc5dc85000 	C:\Windows\SYSTEM32\UMPDC.dll
0x00007ffc5cb20000 - 0x00007ffc5cb3b000 	C:\Windows\SYSTEM32\kernel.appcore.dll
0x00007ffc18b10000 - 0x00007ffc18b1a000 	C:\Program Files\Java\jdk-21.0.11\bin\jimage.dll
0x00007ffc52bb0000 - 0x00007ffc52df2000 	C:\Windows\SYSTEM32\DBGHELP.DLL
0x00007ffc5ed20000 - 0x00007ffc5f0a5000 	C:\Windows\System32\combase.dll
0x00007ffc5f5c0000 - 0x00007ffc5f699000 	C:\Windows\System32\OLEAUT32.dll
0x00007ffc51030000 - 0x00007ffc5106b000 	C:\Windows\SYSTEM32\dbgcore.DLL
0x00007ffc5e040000 - 0x00007ffc5e0ec000 	C:\Windows\System32\bcryptPrimitives.dll
0x00007ffc13760000 - 0x00007ffc1379c000 	C:\Program Files\Java\jdk-21.0.11\bin\jdwp.dll
0x00007ffc13620000 - 0x00007ffc13630000 	C:\Program Files\Java\jdk-21.0.11\bin\instrument.dll
0x00007ffc135f0000 - 0x00007ffc13611000 	C:\Program Files\Java\jdk-21.0.11\bin\java.dll
0x00007ffc5f950000 - 0x00007ffc600d8000 	C:\Windows\System32\SHELL32.dll
0x00007ffc5b900000 - 0x00007ffc5c19b000 	C:\Windows\SYSTEM32\windows.storage.dll
0x00007ffc5f3b0000 - 0x00007ffc5f4a9000 	C:\Windows\System32\SHCORE.dll
0x00007ffc5f8e0000 - 0x00007ffc5f946000 	C:\Windows\System32\shlwapi.dll
0x00007ffc5dd50000 - 0x00007ffc5dd79000 	C:\Windows\SYSTEM32\profapi.dll
0x00007ffc117e0000 - 0x00007ffc117ec000 	C:\Program Files\Java\jdk-21.0.11\bin\dt_socket.dll
0x00007ffc5c5a0000 - 0x00007ffc5c5d3000 	C:\Windows\SYSTEM32\IPHLPAPI.DLL
0x00007ffc5d0d0000 - 0x00007ffc5d13c000 	C:\Windows\system32\mswsock.dll
0x00007ffc5c5e0000 - 0x00007ffc5c738000 	C:\Windows\SYSTEM32\DNSAPI.dll
0x00007ffc5ceb0000 - 0x00007ffc5cebd000 	C:\Windows\SYSTEM32\DSPARSE.dll
0x00007ffc5f4b0000 - 0x00007ffc5f4ba000 	C:\Windows\System32\NSI.dll
0x00007ffc54d70000 - 0x00007ffc54d7b000 	C:\Windows\System32\rasadhlp.dll
0x00007ffc58520000 - 0x00007ffc585a6000 	C:\Windows\System32\fwpuclnt.dll
0x00007ffbe8680000 - 0x00007ffbe8698000 	C:\Program Files\Java\jdk-21.0.11\bin\zip.dll
0x00007ffbe6b90000 - 0x00007ffbe6ba1000 	C:\Program Files\Java\jdk-21.0.11\bin\net.dll
0x00007ffc552c0000 - 0x00007ffc553e8000 	C:\Windows\SYSTEM32\WINHTTP.dll
0x00007ffbe5980000 - 0x00007ffbe5996000 	C:\Program Files\Java\jdk-21.0.11\bin\nio.dll
0x00007ffc117d0000 - 0x00007ffc117da000 	C:\Program Files\Java\jdk-21.0.11\bin\management.dll
0x00007ffbe5700000 - 0x00007ffbe570c000 	C:\Program Files\Java\jdk-21.0.11\bin\management_ext.dll
0x00007ffc60960000 - 0x00007ffc60968000 	C:\Windows\System32\PSAPI.DLL
0x00007ffc341b0000 - 0x00007ffc341c8000 	C:\Windows\system32\napinsp.dll
0x00007ffc34190000 - 0x00007ffc341a3000 	C:\Windows\System32\winrnr.dll
0x00007ffc34160000 - 0x00007ffc34182000 	C:\Windows\system32\nlansp_c.dll
0x00007ffc34140000 - 0x00007ffc34156000 	C:\Windows\system32\wshbth.dll
0x00007ffc5d3c0000 - 0x00007ffc5d3db000 	C:\Windows\SYSTEM32\CRYPTSP.dll
0x00007ffc5ca80000 - 0x00007ffc5cab9000 	C:\Windows\system32\rsaenh.dll
0x00007ffc5d180000 - 0x00007ffc5d1b2000 	C:\Windows\SYSTEM32\USERENV.dll
0x00007ffc5dd20000 - 0x00007ffc5dd4a000 	C:\Windows\SYSTEM32\bcrypt.dll
0x00007ffc5d3e0000 - 0x00007ffc5d3ec000 	C:\Windows\SYSTEM32\CRYPTBASE.dll
0x00007ffbe56f0000 - 0x00007ffbe56f9000 	C:\Program Files\Java\jdk-21.0.11\bin\extnet.dll
0x00007ffbd0fe0000 - 0x00007ffbd0ff0000 	C:\Program Files\Java\jdk-21.0.11\bin\verify.dll
0x00007ffbcc5f0000 - 0x00007ffbcc5fe000 	C:\Program Files\Java\jdk-21.0.11\bin\sunmscapi.dll
0x00007ffc5e100000 - 0x00007ffc5e27e000 	C:\Windows\System32\CRYPT32.dll
0x00007ffc5d600000 - 0x00007ffc5d630000 	C:\Windows\SYSTEM32\ncrypt.dll
0x00007ffc5d5b0000 - 0x00007ffc5d5ef000 	C:\Windows\SYSTEM32\NTASN1.dll
0x00007ffc58360000 - 0x00007ffc5837d000 	C:\Windows\SYSTEM32\dhcpcsvc6.DLL
0x00007ffc58240000 - 0x00007ffc58265000 	C:\Windows\SYSTEM32\dhcpcsvc.DLL
0x00007ffc51670000 - 0x00007ffc51678000 	C:\Windows\system32\wshunix.dll

dbghelp: loaded successfully - version: 4.0.5 - missing functions: none
symbol engine: initialized successfully - sym options: 0x614 - pdb path: .;C:\Program Files\Java\jdk-21.0.11\bin;C:\Windows\SYSTEM32;C:\Windows\WinSxS\amd64_microsoft.windows.common-controls_6595b64144ccf1df_6.0.26100.8972_none_3e0da176e32f9d4b;C:\Program Files\Java\jdk-21.0.11\bin\server

VM Arguments:
jvm_args: -XX:+ShowCodeDetailsInExceptionMessages -agentlib:jdwp=transport=dt_socket,suspend=y,address=localhost:62267 -Dcom.sun.management.jmxremote -Dcom.sun.management.jmxremote.port=63782 -Dcom.sun.management.jmxremote.authenticate=false -Dcom.sun.management.jmxremote.ssl=false -Djava.rmi.server.hostname=localhost -Dspring.jmx.enabled=true -Dmanagement.endpoints.jmx.exposure.include=* -Dspring.application.admin.enabled=true -Dspring.output.ansi.enabled=always -XX:TieredStopAtLevel=1 -Dspring.boot.project.name=report-service -javaagent:C:\sts\sts-5.1.1.RELEASE\configuration\org.eclipse.osgi\280\0\.cp\lib\javaagent-shaded.jar -Dfile.encoding=UTF-8 -Dstdout.encoding=UTF-8 -Dstderr.encoding=UTF-8 
java_command: com.anticorruption.report_service.ReportServiceApplication
java_class_path (initial): C:\sts\projects\anti-corruption-platform\services\report-service\target\classes;C:\Users\Cheta\.m2\repository\org\springframework\boot\spring-boot-starter-actuator\4.1.1\spring-boot-starter-actuator-4.1.1.jar;C:\Users\Cheta\.m2\repository\org\springframework\boot\spring-boot-starter\4.1.1\spring-boot-starter-4.1.1.jar;C:\Users\Cheta\.m2\repository\org\springframework\boot\spring-boot-starter-logging\4.1.1\spring-boot-starter-logging-4.1.1.jar;C:\Users\Cheta\.m2\repository\ch\qos\logback\logback-classic\1.5.38\logback-classic-1.5.38.jar;C:\Users\Cheta\.m2\repository\ch\qos\logback\logback-core\1.5.38\logback-core-1.5.38.jar;C:\Users\Cheta\.m2\repository\org\apache\logging\log4j\log4j-to-slf4j\2.25.5\log4j-to-slf4j-2.25.5.jar;C:\Users\Cheta\.m2\repository\org\apache\logging\log4j\log4j-api\2.25.5\log4j-api-2.25.5.jar;C:\Users\Cheta\.m2\repository\org\slf4j\jul-to-slf4j\2.0.18\jul-to-slf4j-2.0.18.jar;C:\Users\Cheta\.m2\repository\jakarta\annotation\jakarta.annotation-api\3.0.0\jakarta.annotation-api-3.0.0.jar;C:\Users\Cheta\.m2\repository\org\yaml\snakeyaml\2.6\snakeyaml-2.6.jar;C:\Users\Cheta\.m2\repository\org\springframework\boot\spring-boot-starter-micrometer-metrics\4.1.1\spring-boot-starter-micrometer-metrics-4.1.1.jar;C:\Users\Cheta\.m2\repository\org\springframework\boot\spring-boot-micrometer-metrics\4.1.1\spring-boot-micrometer-metrics-4.1.1.jar;C:\Users\Cheta\.m2\repository\org\springframework\boot\spring-boot-micrometer-observation\4.1.1\spring-boot-micrometer-observation-4.1.1.jar;C:\Users\Cheta\.m2\repository\org\springframework\boot\spring-boot-actuator-autoconfigure\4.1.1\spring-boot-actuator-autoconfigure-4.1.1.jar;C:\Users\Cheta\.m2\repository\org\springframework\boot\spring-boot-actuator\4.1.1\spring-boot-actuator-4.1.1.jar;C:\Users\Cheta\.m2\repository\org\springframework\boot\spring-boot-health\4.1.1\spring-boot-health-4.1.1.jar;C:\Users\Cheta\.m2\repository\io\micrometer\micrometer-observation\1.17.1\micrometer-observation-1.17.1.jar;C:\Users\Cheta\.m2\repository\org\jspecify\jspecify\1.0.1\jspecify-1.0.1.jar;C:\Users\Cheta\.m2\repository\io\micrometer\micrometer-commons\1.17.1\micrometer-commons-1.17.1.jar;C:\Users\Cheta\.m2\repository\io\micrometer\micrometer-jakarta9\1.17.1\micrometer-jakarta9-1.17.1.jar;C:\Users\Cheta\.m2\repository\io\micrometer\micrometer-core\1.17.1\micrometer-core-1.17.1.jar;C:\Users\Cheta\.m2\repository\org\hdrhistogram\HdrHistogram\2.2.2\HdrHistogram-2.2.2.jar;C:\Users\Cheta\.m2\repository\org\springframework\boot\spring-boot-starter-data-jpa\4.1.1\spring-boot-starter-data-jpa-4.1.1.jar;C:\Users\Cheta\.m2\repository\org\springframework\boot\spring-boot-starter-jdbc\4.1.1\spring-boot-starter-jdbc-4.1.1.jar;C:\Users\Cheta\.m2\repository\com\zaxxer\HikariCP\7.0.2\HikariCP-7.0.2.jar;C:\Users\Cheta\.m2\repository\org\springframework\boot\spring-boot-data-jpa\4.1.1\spring-boot-data-jpa-4.1.1.jar;C:\Users\Cheta\.m2\repository\org\springframework\boot\spring-boot-data-commons\4.1.1\spring-boot-data-commons-4.1.1.jar;C:\Users\Cheta\.m2\repository\org\springframework\boot\spring-boot-persistence\4.1.1\spring-boot-persistence-4.1.1.jar;C:\Users\Cheta\.m2\repository\org\springframework\boot\spring-boot-hibernate\4.1.1\spring-boot-hibernate-4.1.1.jar;C:\Users\Cheta\.m2\repository\org\springframework\boot\spring-boot-jpa\4.1.1\spring-boot-jpa-4.1.1.jar;C:\Users\Cheta\.m2\repository\jakarta\persistence\jakarta.persistence-api\3.2.0\jakarta.persistence-api-3.2.0.jar;C:\Users\Cheta\.m2\repository\org\hibernate\orm\hibernate-core\7.4.5.Final\hibernate-core-7.4.5.Final.jar;C:\Users\Cheta\.m2\repository\jakarta\transaction\jakarta.transaction-api\2.0.1\jakarta.transaction-api-2.0.1.jar;C:\Users\Cheta\.m2\repository\org\hibernate\models\hibernate-models\1.1.1\hibernate-models-1.1.1.jar;C:\Users\Cheta\.m2\repository\org\glassfish\jaxb\jaxb-runtime\4.0.9\jaxb-runtime-4.0.9.jar;C:\Users\Cheta\.m2\repository\org\glassfish\jaxb\jaxb-core\4.0.9\jaxb-core-4.0.9.jar;C:\Users\Cheta\.m2\repository\org\eclipse\angus\angus-activation\2.0.3\angus-activation-2.0.3.jar;C:\Users\Cheta\.m2\repository\org\glassfish\jaxb\txw2\4.0.9\txw2-4.0.9.jar;C:\Users\Cheta\.m2\repository\com\sun\istack\istack-commons-runtime\4.1.2\istack-commons-runtime-4.1.2.jar;C:\Users\Cheta\.m2\repository\jakarta\inject\jakarta.inject-api\2.0.1\jakarta.inject-api-2.0.1.jar;C:\Users\Cheta\.m2\repository\org\springframework\spring-orm\7.0.9\spring-orm-7.0.9.jar;C:\Users\Cheta\.m2\repository\org\springframework\data\spring-data-jpa\4.1.1\spring-data-jpa-4.1.1.jar;C:\Users\Cheta\.m2\repository\org\antlr\antlr4-runtime\4.13.2\antlr4-runtime-4.13.2.jar;C:\Users\Cheta\.m2\repository\org\springframework\spring-aspects\7.0.9\spring-aspects-7.0.9.jar;C:\Users\Cheta\.m2\repository\org\aspectj\aspectjweaver\1.9.25.1\aspectjweaver-1.9.25.1.jar;C:\Users\Cheta\.m2\repository\org\springframework\boot\spring-boot-jdbc\4.1.1\spring-boot-jdbc-4.1.1.jar;C:\Users\Cheta\.m2\repository\org\springframework\boot\spring-boot-sql\4.1.1\spring-boot-sql-4.1.1.jar;C:\Users\Cheta\.m2\repository\org\springframework\boot\spring-boot-transaction\4.1.1\spring-boot-transaction-4.1.1.jar;C:\Users\Cheta\.m2\repository\org\springframework\spring-jdbc\7.0.9\spring-jdbc-7.0.9.jar;C:\Users\Cheta\.m2\repository\org\springframework\boot\spring-boot-starter-flyway\4.1.1\spring-boot-starter-flyway-4.1.1.jar;C:\Users\Cheta\.m2\repository\org\springframework\boot\spring-boot-flyway\4.1.1\spring-boot-flyway-4.1.1.jar;C:\Users\Cheta\.m2\repository\org\springframework\boot\spring-boot-starter-validation\4.1.1\spring-boot-starter-validation-4.1.1.jar;C:\Users\Cheta\.m2\repository\org\springframework\boot\spring-boot-validation\4.1.1\spring-boot-validation-4.1.1.jar;C:\Users\Cheta\.m2\repository\org\apache\tomcat\embed\tomcat-embed-el\11.0.24\tomcat-embed-el-11.0.24.jar;C:\Users\Cheta\.m2\repository\org\hibernate\validator\hibernate-validator\9.1.3.Final\hibernate-validator-9.1.3.Final.jar;C:\Users\Cheta\.m2\repository\jakarta\validation\jakarta.validation-api\3.1.1\jakarta.validation-api-3.1.1.jar;C:\Users\Cheta\.m2\repository\org\jboss\logging\jboss-logging\3.6.3.Final\jboss-logging-3.6.3.Final.jar;C:\Users\Cheta\.m2\repository\com\fasterxml\classmate\1.7.3\classmate-1.7.3.jar;C:\Users\Cheta\.m2\repository\org\springframework\cloud\spring-cloud-starter-openfeign\5.0.2\spring-cloud-starter-openfeign-5.0.2.jar;C:\Users\Cheta\.m2\repository\org\springframework\cloud\spring-cloud-starter\5.0.2\spring-cloud-starter-5.0.2.jar;C:\Users\Cheta\.m2\repository\org\springframework\cloud\spring-cloud-context\5.0.2\spring-cloud-context-5.0.2.jar;C:\Users\Cheta\.m2\repository\org\bouncycastle\bcprov-jdk18on\1.81.1\bcprov-jdk18on-1.81.1.jar;C:\Users\Cheta\.m2\repository\org\springframework\cloud\spring-cloud-openfeign-core\5.0.2\spring-cloud-openfeign-core-5.0.2.jar;C:\Users\Cheta\.m2\repository\io\github\openfeign\feign-form-spring\13.6.1\feign-form-spring-13.6.1.jar;C:\Users\Cheta\.m2\repository\org\apache\commons\commons-text\1.13.0\commons-text-1.13.0.jar;C:\Users\Cheta\.m2\repository\org\apache\commons\commons-lang3\3.20.0\commons-lang3-3.20.0.jar;C:\Users\Cheta\.m2\repository\io\github\openfeign\feign-form\13.6.1\feign-form-13.6.1.jar;C:\Users\Cheta\.m2\repository\commons-fileupload\commons-fileupload\1.6.0\commons-fileupload-1.6.0.jar;C:\Users\Cheta\.m2\repository\org\springframework\spring-web\7.0.9\spring-web-7.0.9.jar;C:\Users\Cheta\.m2\repository\org\springframework\spring-beans\7.0.9\spring-beans-7.0.9.jar;C:\Users\Cheta\.m2\repository\org\springframework\spring-core\7.0.9\spring-core-7.0.9.jar;C:\Users\Cheta\.m2\repository\commons-logging\commons-logging\1.3.6\commons-logging-1.3.6.jar;C:\Users\Cheta\.m2\repository\org\springframework\cloud\spring-cloud-commons\5.0.2\spring-cloud-commons-5.0.2.jar;C:\Users\Cheta\.m2\repository\org\springframework\security\spring-security-crypto\7.1.1\spring-security-crypto-7.1.1.jar;C:\Users\Cheta\.m2\repository\io\github\openfeign\feign-core\13.6.1\feign-core-13.6.1.jar;C:\Users\Cheta\.m2\repository\io\github\openfeign\feign-slf4j\13.6.1\feign-slf4j-13.6.1.jar;C:\Users\Cheta\.m2\repository\org\springframework\boot\spring-boot-starter-webmvc\4.1.1\spring-boot-starter-webmvc-4.1.1.jar;C:\Users\Cheta\.m2\repository\org\springframework\boot\spring-boot-starter-jackson\4.1.1\spring-boot-starter-jackson-4.1.1.jar;C:\Users\Cheta\.m2\repository\org\springframework\boot\spring-boot-jackson\4.1.1\spring-boot-jackson-4.1.1.jar;C:\Users\Cheta\.m2\repository\org\springframework\boot\spring-boot-starter-tomcat\4.1.1\spring-boot-starter-tomcat-4.1.1.jar;C:\Users\Cheta\.m2\repository\org\springframework\boot\spring-boot-starter-tomcat-runtime\4.1.1\spring-boot-starter-tomcat-runtime-4.1.1.jar;C:\Users\Cheta\.m2\repository\org\apache\tomcat\embed\tomcat-embed-core\11.0.24\tomcat-embed-core-11.0.24.jar;C:\Users\Cheta\.m2\repository\org\apache\tomcat\embed\tomcat-embed-websocket\11.0.24\tomcat-embed-websocket-11.0.24.jar;C:\Users\Cheta\.m2\repository\org\springframework\boot\spring-boot-tomcat\4.1.1\spring-boot-tomcat-4.1.1.jar;C:\Users\Cheta\.m2\repository\org\springframework\boot\spring-boot-http-converter\4.1.1\spring-boot-http-converter-4.1.1.jar;C:\Users\Cheta\.m2\repository\org\springframework\boot\spring-boot-webmvc\4.1.1\spring-boot-webmvc-4.1.1.jar;C:\Users\Cheta\.m2\repository\org\springframework\boot\spring-boot-servlet\4.1.1\spring-boot-servlet-4.1.1.jar;C:\Users\Cheta\.m2\repository\org\springframework\spring-webmvc\7.0.9\spring-webmvc-7.0.9.jar;C:\Users\Cheta\.m2\repository\org\flywaydb\flyway-database-postgresql\12.4.0\flyway-database-postgresql-12.4.0.jar;C:\Users\Cheta\.m2\repository\org\flywaydb\flyway-core\12.4.0\flyway-core-12.4.0.jar;C:\Users\Cheta\.m2\repository\tools\jackson\core\jackson-databind\3.1.5\jackson-databind-3.1.5.jar;C:\Users\Cheta\.m2\repository\com\fasterxml\jackson\core\jackson-annotations\2.21\jackson-annotations-2.21.jar;C:\Users\Cheta\.m2\repository\tools\jackson\core\jackson-core\3.1.5\jackson-core-3.1.5.jar;C:\Users\Cheta\.m2\repository\org\springframework\kafka\spring-kafka\4.1.1\spring-kafka-4.1.1.jar;C:\Users\Cheta\.m2\repository\org\springframework\spring-context\7.0.9\spring-context-7.0.9.jar;C:\Users\Cheta\.m2\repository\org\springframework\spring-expression\7.0.9\spring-expression-7.0.9.jar;C:\Users\Cheta\.m2\repository\org\springframework\spring-messaging\7.0.9\spring-messaging-7.0.9.jar;C:\Users\Cheta\.m2\repository\org\springframework\spring-tx\7.0.9\spring-tx-7.0.9.jar;C:\Users\Cheta\.m2\repository\org\apache\kafka\kafka-clients\4.2.1\kafka-clients-4.2.1.jar;C:\Users\Cheta\.m2\repository\com\github\luben\zstd-jni\1.5.6-10\zstd-jni-1.5.6-10.jar;C:\Users\Cheta\.m2\repository\at\yawk\lz4\lz4-java\1.10.1\lz4-java-1.10.1.jar;C:\Users\Cheta\.m2\repository\org\xerial\snappy\snappy-java\1.1.10.7\snappy-java-1.1.10.7.jar;C:\Users\Cheta\.m2\repository\org\springframework\boot\spring-boot-devtools\4.1.1\spring-boot-devtools-4.1.1.jar;C:\Users\Cheta\.m2\repository\org\springframework\boot\spring-boot\4.1.1\spring-boot-4.1.1.jar;C:\Users\Cheta\.m2\repository\org\springframework\boot\spring-boot-autoconfigure\4.1.1\spring-boot-autoconfigure-4.1.1.jar;C:\Users\Cheta\.m2\repository\org\postgresql\postgresql\42.7.13\postgresql-42.7.13.jar;C:\Users\Cheta\.m2\repository\org\checkerframework\checker-qual\3.55.1\checker-qual-3.55.1.jar;C:\Users\Cheta\.m2\repository\org\projectlombok\lombok\1.18.46\lombok-1.18.46.jar;C:\Users\Cheta\.m2\repository\jakarta\xml\bind\jakarta.xml.bind-api\4.0.5\jakarta.xml.bind-api-4.0.5.jar;C:\Users\Cheta\.m2\repository\jakarta\activation\jakarta.activation-api\2.1.4\jakarta.activation-api-2.1.4.jar;C:\Users\Cheta\.m2\repository\net\bytebuddy\byte-buddy\1.18.11\byte-buddy-1.18.11.jar;C:\Users\Cheta\.m2\repository\org\springframework\boot\spring-boot-starter-data-redis\4.1.0\spring-boot-starter-data-redis-4.1.0.jar;C:\Users\Cheta\.m2\repository\org\springframework\boot\spring-boot-data-redis\4.1.1\spring-boot-data-redis-4.1.1.jar;C:\Users\Cheta\.m2\repository\io\lettuce\lettuce-core\7.5.2.RELEASE\lettuce-core-7.5.2.RELEASE.jar;C:\Users\Cheta\.m2\repository\redis\clients\authentication\redis-authx-core\0.1.1-beta2\redis-authx-core-0.1.1-beta2.jar;C:\Users\Cheta\.m2\repository\io\netty\netty-common\4.2.17.Final\netty-common-4.2.17.Final.jar;C:\Users\Cheta\.m2\repository\io\netty\netty-handler\4.2.17.Final\netty-handler-4.2.17.Final.jar;C:\Users\Cheta\.m2\repository\io\netty\netty-resolver\4.2.17.Final\netty-resolver-4.2.17.Final.jar;C:\Users\Cheta\.m2\repository\io\netty\netty-buffer\4.2.17.Final\netty-buffer-4.2.17.Final.jar;C:\Users\Cheta\.m2\repository\io\netty\netty-transport-native-unix-common\4.2.17.Final\netty-transport-native-unix-common-4.2.17.Final.jar;C:\Users\Cheta\.m2\repository\io\netty\netty-codec-base\4.2.17.Final\netty-codec-base-4.2.17.Final.jar;C:\Users\Cheta\.m2\repository\io\netty\netty-transport\4.2.17.Final\netty-transport-4.2.17.Final.jar;C:\Users\Cheta\.m2\repository\io\projectreactor\reactor-core\3.8.7\reactor-core-3.8.7.jar;C:\Users\Cheta\.m2\repository\org\reactivestreams\reactive-streams\1.0.4\reactive-streams-1.0.4.jar;C:\Users\Cheta\.m2\repository\io\netty\netty-resolver-dns\4.2.17.Final\netty-resolver-dns-4.2.17.Final.jar;C:\Users\Cheta\.m2\repository\io\netty\netty-codec-dns\4.2.17.Final\netty-codec-dns-4.2.17.Final.jar;C:\Users\Cheta\.m2\repository\org\springframework\boot\spring-boot-netty\4.1.1\spring-boot-netty-4.1.1.jar;C:\Users\Cheta\.m2\repository\org\springframework\data\spring-data-redis\4.1.0\spring-data-redis-4.1.0.jar;C:\Users\Cheta\.m2\repository\org\springframework\data\spring-data-keyvalue\4.1.1\spring-data-keyvalue-4.1.1.jar;C:\Users\Cheta\.m2\repository\org\springframework\data\spring-data-commons\4.1.1\spring-data-commons-4.1.1.jar;C:\Users\Cheta\.m2\repository\org\springframework\spring-oxm\7.0.9\spring-oxm-7.0.9.jar;C:\Users\Cheta\.m2\repository\org\springframework\spring-aop\7.0.9\spring-aop-7.0.9.jar;C:\Users\Cheta\.m2\repository\org\springframework\spring-context-support\7.0.9\spring-context-support-7.0.9.jar;C:\Users\Cheta\.m2\repository\org\slf4j\slf4j-api\2.0.18\slf4j-api-2.0.18.jar;C:\Users\Cheta\.m2\repository\org\springframework\boot\spring-boot-web-server\4.1.1\spring-boot-web-server-4.1.1.jar
Launcher Type: SUN_STANDARD

[Global flags]
     intx CICompilerCount                          = 4                                         {product} {ergonomic}
     uint ConcGCThreads                            = 3                                         {product} {ergonomic}
     uint G1ConcRefinementThreads                  = 10                                        {product} {ergonomic}
   size_t G1HeapRegionSize                         = 2097152                                   {product} {ergonomic}
    uintx GCDrainStackTargetSize                   = 64                                        {product} {ergonomic}
   size_t InitialHeapSize                          = 257949696                                 {product} {ergonomic}
     bool ManagementServer                         = true                                      {product} {command line}
   size_t MarkStackSize                            = 4194304                                   {product} {ergonomic}
   size_t MaxHeapSize                              = 4116709376                                {product} {ergonomic}
   size_t MaxNewSize                               = 2468347904                                {product} {ergonomic}
   size_t MinHeapDeltaBytes                        = 2097152                                   {product} {ergonomic}
   size_t MinHeapSize                              = 8388608                                   {product} {ergonomic}
    uintx NonNMethodCodeHeapSize                   = 4096                                   {pd product} {ergonomic}
    uintx NonProfiledCodeHeapSize                  = 0                                      {pd product} {ergonomic}
     bool ProfileInterpreter                       = false                                  {pd product} {command line}
    uintx ProfiledCodeHeapSize                     = 0                                      {pd product} {ergonomic}
     bool ShowCodeDetailsInExceptionMessages       = true                                   {manageable} {command line}
   size_t SoftMaxHeapSize                          = 4116709376                             {manageable} {ergonomic}
     intx TieredStopAtLevel                        = 1                                         {product} {command line}
     bool UseCompressedOops                        = true                           {product lp64_product} {ergonomic}
     bool UseG1GC                                  = true                                      {product} {ergonomic}
     bool UseLargePagesIndividualAllocation        = false                                  {pd product} {ergonomic}

Logging:
Log output configuration:
 #0: stdout all=warning uptime,level,tags foldmultilines=false
 #1: stderr all=off uptime,level,tags foldmultilines=false

Environment Variables:
PATH=C:/sts/sts-5.1.1.RELEASE//plugins/org.eclipse.justj.openjdk.hotspot.jre.full.win32.x86_64_25.0.2.v20260203-1141/jre/bin/server;C:/sts/sts-5.1.1.RELEASE//plugins/org.eclipse.justj.openjdk.hotspot.jre.full.win32.x86_64_25.0.2.v20260203-1141/jre/bin;C:\Program Files\Java\jdk-21.0.11\bin;C:\Program Files\Microsoft VS Code\bin;C:\Program Files\Git\cmd;C:\Program Files\Memurai\;C:\Users\Cheta\.local\bin;C:\Users\Cheta\AppData\Local\Microsoft\WindowsApps;C:\Program Files\apache-maven-4.0.0-rc-5\bin;;C:\Users\Cheta\AppData\Local\Programs\DockerDesktop\resources\bin;C:\sts\sts-5.1.1.RELEASE;
USERNAME=Cheta
OS=Windows_NT
PROCESSOR_IDENTIFIER=AMD64 Family 25 Model 80 Stepping 0, AuthenticAMD
TMP=C:\Users\Cheta\AppData\Local\Temp
TEMP=C:\Users\Cheta\AppData\Local\Temp




Periodic native trim disabled

---------------  S Y S T E M  ---------------

OS:
 Windows 11 , 64 bit Build 26100 (10.0.26100.9168)
OS uptime: 3 days 22:05 hours

CPU: total 12 (initial active 12) (12 cores per cpu, 2 threads per core) family 25 model 80 stepping 0 microcode 0xa50000f, cx8, cmov, fxsr, ht, mmx, 3dnowpref, sse, sse2, sse3, ssse3, sse4a, sse4.1, sse4.2, popcnt, lzcnt, tsc, tscinvbit, avx, avx2, aes, erms, clmul, bmi1, bmi2, adx, sha, fma, vzeroupper, clflush, clflushopt, rdtscp, rdpid, fsrm, f16c, pku, cet_ss
Processor Information for processor 0
  Max Mhz: 2301, Current Mhz: 2301, Mhz Limit: 2301
Processor Information for processor 1
  Max Mhz: 2301, Current Mhz: 2301, Mhz Limit: 2301
Processor Information for processor 2
  Max Mhz: 2301, Current Mhz: 2301, Mhz Limit: 2301
Processor Information for processor 3
  Max Mhz: 2301, Current Mhz: 2301, Mhz Limit: 2301
Processor Information for processor 4
  Max Mhz: 2301, Current Mhz: 2301, Mhz Limit: 2301
Processor Information for processor 5
  Max Mhz: 2301, Current Mhz: 2301, Mhz Limit: 2301
Processor Information for processor 6
  Max Mhz: 2301, Current Mhz: 1798, Mhz Limit: 2301
Processor Information for processor 7
  Max Mhz: 2301, Current Mhz: 1798, Mhz Limit: 2301
Processor Information for processor 8
  Max Mhz: 2301, Current Mhz: 2301, Mhz Limit: 2301
Processor Information for processor 9
  Max Mhz: 2301, Current Mhz: 2301, Mhz Limit: 2301
Processor Information for processor 10
  Max Mhz: 2301, Current Mhz: 1798, Mhz Limit: 2301
Processor Information for processor 11
  Max Mhz: 2301, Current Mhz: 1798, Mhz Limit: 2301

Memory: 4k page, system-wide physical 15696M (872M free)
TotalPageFile size 43344M (AvailPageFile size 17269M)
current process WorkingSet (physical memory assigned to process): 146M, peak: 417M
current process commit charge ("private bytes"): 427M, peak: 479M

vm_info: Java HotSpot(TM) 64-Bit Server VM (21.0.11+9-LTS-211) for windows-amd64 JRE (21.0.11+9-LTS-211), built on 2026-03-11T00:23:15Z by "mach5run" with MS VC++ 17.13 (VS2022)

END.
